
> projectsetu@0.1.0 build
> next build

  Γû▓ Next.js 14.2.5
  - Environments: .env.local, .env

   Creating an optimized production build ...
node.exe :  ΓÜá Found lockfile 
missing swc dependencies, 
patching...
At line:1 char:1
+ & "C:\Program 
Files\nodejs/node.exe" 
"C:\Program 
Files\nodejs/node_mo ...
+ ~~~~~~~~~~~~~~~~~~~~~~~~~~~~~
~~~~~~~~~~~~~~~~~~~~~~~~~~~~~~~
~~~~~~~~~
    + CategoryInfo          :  
   NotSpecified: ( ΓÜá Found   
  lock...es, patching...:Str   
 ing) [], RemoteException
    + FullyQualifiedErrorId :  
   NativeCommandError
 
 ΓÜá Lockfile was successfully 
patched, please run "npm 
install" to ensure @next/swc 
dependencies are downloaded
 ΓÜá Compiled with warnings

./node_modules/require-in-the-m
iddle/index.js
Critical dependency: require 
function is used in a way in 
which dependencies cannot be 
statically extracted

Import trace for requested 
module:
./node_modules/require-in-the-m
iddle/index.js
./node_modules/@opentelemetry/i
nstrumentation/build/esm/platfo
rm/node/instrumentation.js
./node_modules/@opentelemetry/i
nstrumentation/build/esm/platfo
rm/node/index.js
./node_modules/@opentelemetry/i
nstrumentation/build/esm/platfo
rm/index.js
./node_modules/@opentelemetry/i
nstrumentation/build/esm/index.
js
./node_modules/@opentelemetry/s
dk-node/build/src/sdk.js
./node_modules/@opentelemetry/s
dk-node/build/src/index.js
./node_modules/@genkit-ai/core/
lib/tracing/node-telemetry-prov
ider.js
./node_modules/@genkit-ai/core/
lib/node.js
./node_modules/genkit/lib/commo
n.js
./node_modules/genkit/lib/index
.mjs
./ai/genkit.ts
./ai/flows.ts
./app/api/ai/process-bill/route
.ts

 Γ£ô Compiled successfully
   Linting and checking validity of types ...

./app/(app)/cash-bank-book/page.tsx
154:8  Warning: React Hook useMemo has a missing dependency: 'getTabTransactions'. Either include it or remove the dependency array.  react-hooks/exhaustive-deps

./app/(app)/materials/page.tsx
133:9  Warning: The 'getMaterialName' function makes the dependencies of useMemo Hook (at line 166) change on every render. To fix this, wrap the definition of 'getMaterialName' in its own useCallback() Hook.  react-hooks/exhaustive-deps

./components/pull-to-refresh.tsx
90:8  Warning: React Hook useEffect has a missing dependency: 'handleTouchMove'. Either include it or remove the dependency array.  react-hooks/exhaustive-deps

info  - Need to disable some ESLint rules? Learn more here: https://nextjs.org/docs/basic-features/eslint#disabling-rules
Failed to compile.

Type error: File 
'D:/projectsetu app/download (1
4)/src/.next/types/app/(app)/ad
min/page.ts' not found.
  The file is in the program 
because:
    Root file specified for 
compilation

