components/invite-user-form.tsx(27,11): error TS2769: No overload matches this call.
  Overload 1 of 2, '(values: readonly ["ADMIN", "USER"], params?: string | { error?: string | $ZodErrorMap<$ZodIssueInvalidValue<unknown>> | undefined; message?: string | undefined; } | undefined): ZodEnum<...>', gave the following error.
    Object literal may only specify known properties, and 'required_error' does not exist in type '{ error?: string | $ZodErrorMap<$ZodIssueInvalidValue<unknown>> | undefined; message?: string | undefined; }'.
  Overload 2 of 2, '(entries: Readonly<Record<string, EnumValue>>, params?: string | { error?: string | $ZodErrorMap<$ZodIssueInvalidValue<unknown>> | undefined; message?: string | undefined; } | undefined): ZodEnum<...>', gave the following error.
    Argument of type 'string[]' is not assignable to parameter of type 'Readonly<Record<string, EnumValue>>'.
      Index signature for type 'string' is missing in type 'string[]'.
components/journal/journal-actions.tsx(35,13): error TS2339: Property 'user' does not exist on type 'AppState'.
components/labor-form.tsx(26,11): error TS2769: No overload matches this call.
  Overload 1 of 2, '(values: readonly ["laborer", "foreman"], params?: string | { error?: string | $ZodErrorMap<$ZodIssueInvalidValue<unknown>> | undefined; message?: string | undefined; } | undefined): ZodEnum<...>', gave the following error.
    Object literal may only specify known properties, and 'required_error' does not exist in type '{ error?: string | $ZodErrorMap<$ZodIssueInvalidValue<unknown>> | undefined; message?: string | undefined; }'.
  Overload 2 of 2, '(entries: Readonly<Record<string, EnumValue>>, params?: string | { error?: string | $ZodErrorMap<$ZodIssueInvalidValue<unknown>> | undefined; message?: string | undefined; } | undefined): ZodEnum<...>', gave the following error.
    Argument of type 'string[]' is not assignable to parameter of type 'Readonly<Record<string, EnumValue>>'.
      Index signature for type 'string' is missing in type 'string[]'.
components/labor-form.tsx(40,5): error TS2322: Type 'Resolver<{ name: string; type: "laborer" | "foreman"; rate: unknown; }, any, { name: string; type: "laborer" | "foreman"; rate: number; }>' is not assignable to type 'Resolver<{ name: string; type: "laborer" | "foreman"; rate: number; }, any, { name: string; type: "laborer" | "foreman"; rate: number; }>'.
  Types of parameters 'options' and 'options' are incompatible.
    Type 'ResolverOptions<{ name: string; type: "laborer" | "foreman"; rate: number; }>' is not assignable to type 'ResolverOptions<{ name: string; type: "laborer" | "foreman"; rate: unknown; }>'.
      Type 'unknown' is not assignable to type 'number'.
components/labor-form.tsx(78,41): error TS2345: Argument of type '(values: { name: string; type: "laborer" | "foreman"; rate: number; }) => Promise<void>' is not assignable to parameter of type 'SubmitHandler<TFieldValues>'.
  Types of parameters 'values' and 'data' are incompatible.
    Type 'TFieldValues' is not assignable to type '{ name: string; type: "laborer" | "foreman"; rate: number; }'.
      Type 'FieldValues' is missing the following properties from type '{ name: string; type: "laborer" | "foreman"; rate: number; }': name, type, rate
components/labor-form.tsx(80,11): error TS2322: Type 'Control<{ name: string; type: "laborer" | "foreman"; rate: number; }, any, TFieldValues>' is not assignable to type 'Control<{ name: string; type: "laborer" | "foreman"; rate: number; }, any, { name: string; type: "laborer" | "foreman"; rate: number; }>'.
  The types of '_options.resolver' are incompatible between these types.
    Type 'Resolver<{ name: string; type: "laborer" | "foreman"; rate: number; }, any, TFieldValues> | undefined' is not assignable to type 'Resolver<{ name: string; type: "laborer" | "foreman"; rate: number; }, any, { name: string; type: "laborer" | "foreman"; rate: number; }> | undefined'.
      Type 'Resolver<{ name: string; type: "laborer" | "foreman"; rate: number; }, any, TFieldValues>' is not assignable to type 'Resolver<{ name: string; type: "laborer" | "foreman"; rate: number; }, any, { name: string; type: "laborer" | "foreman"; rate: number; }>'.
        Type 'ResolverResult<{ name: string; type: "laborer" | "foreman"; rate: number; }, TFieldValues> | Promise<ResolverResult<{ name: string; type: "laborer" | "foreman"; rate: number; }, TFieldValues>>' is not assignable to type 'ResolverResult<{ name: string; type: "laborer" | "foreman"; rate: number; }, { name: string; type: "laborer" | "foreman"; rate: number; }> | Promise<ResolverResult<{ name: string; type: "laborer" | "foreman"; rate: number; }, { ...; }>>'.
          Type 'ResolverSuccess<TFieldValues>' is not assignable to type 'ResolverResult<{ name: string; type: "laborer" | "foreman"; rate: number; }, { name: string; type: "laborer" | "foreman"; rate: number; }> | Promise<ResolverResult<{ name: string; type: "laborer" | "foreman"; rate: number; }, { ...; }>>'.
            Type 'ResolverSuccess<TFieldValues>' is not assignable to type 'ResolverSuccess<{ name: string; type: "laborer" | "foreman"; rate: number; }>'.
              Type 'TFieldValues' is not assignable to type '{ name: string; type: "laborer" | "foreman"; rate: number; }'.
                Type 'FieldValues' is missing the following properties from type '{ name: string; type: "laborer" | "foreman"; rate: number; }': name, type, rate
components/labor-form.tsx(93,11): error TS2322: Type 'Control<{ name: string; type: "laborer" | "foreman"; rate: number; }, any, TFieldValues>' is not assignable to type 'Control<{ name: string; type: "laborer" | "foreman"; rate: number; }, any, { name: string; type: "laborer" | "foreman"; rate: number; }>'.
  The types of '_options.resolver' are incompatible between these types.
    Type 'Resolver<{ name: string; type: "laborer" | "foreman"; rate: number; }, any, TFieldValues> | undefined' is not assignable to type 'Resolver<{ name: string; type: "laborer" | "foreman"; rate: number; }, any, { name: string; type: "laborer" | "foreman"; rate: number; }> | undefined'.
      Type 'Resolver<{ name: string; type: "laborer" | "foreman"; rate: number; }, any, TFieldValues>' is not assignable to type 'Resolver<{ name: string; type: "laborer" | "foreman"; rate: number; }, any, { name: string; type: "laborer" | "foreman"; rate: number; }>'.
        Type 'ResolverResult<{ name: string; type: "laborer" | "foreman"; rate: number; }, TFieldValues> | Promise<ResolverResult<{ name: string; type: "laborer" | "foreman"; rate: number; }, TFieldValues>>' is not assignable to type 'ResolverResult<{ name: string; type: "laborer" | "foreman"; rate: number; }, { name: string; type: "laborer" | "foreman"; rate: number; }> | Promise<ResolverResult<{ name: string; type: "laborer" | "foreman"; rate: number; }, { ...; }>>'.
          Type 'ResolverSuccess<TFieldValues>' is not assignable to type 'ResolverResult<{ name: string; type: "laborer" | "foreman"; rate: number; }, { name: string; type: "laborer" | "foreman"; rate: number; }> | Promise<ResolverResult<{ name: string; type: "laborer" | "foreman"; rate: number; }, { ...; }>>'.
            Type 'ResolverSuccess<TFieldValues>' is not assignable to type 'ResolverSuccess<{ name: string; type: "laborer" | "foreman"; rate: number; }>'.
              Type 'TFieldValues' is not assignable to type '{ name: string; type: "laborer" | "foreman"; rate: number; }'.
                Type 'FieldValues' is missing the following properties from type '{ name: string; type: "laborer" | "foreman"; rate: number; }': name, type, rate
components/labor-form.tsx(114,11): error TS2322: Type 'Control<{ name: string; type: "laborer" | "foreman"; rate: number; }, any, TFieldValues>' is not assignable to type 'Control<{ name: string; type: "laborer" | "foreman"; rate: number; }, any, { name: string; type: "laborer" | "foreman"; rate: number; }>'.
  The types of '_options.resolver' are incompatible between these types.
    Type 'Resolver<{ name: string; type: "laborer" | "foreman"; rate: number; }, any, TFieldValues> | undefined' is not assignable to type 'Resolver<{ name: string; type: "laborer" | "foreman"; rate: number; }, any, { name: string; type: "laborer" | "foreman"; rate: number; }> | undefined'.
      Type 'Resolver<{ name: string; type: "laborer" | "foreman"; rate: number; }, any, TFieldValues>' is not assignable to type 'Resolver<{ name: string; type: "laborer" | "foreman"; rate: number; }, any, { name: string; type: "laborer" | "foreman"; rate: number; }>'.
        Type 'ResolverResult<{ name: string; type: "laborer" | "foreman"; rate: number; }, TFieldValues> | Promise<ResolverResult<{ name: string; type: "laborer" | "foreman"; rate: number; }, TFieldValues>>' is not assignable to type 'ResolverResult<{ name: string; type: "laborer" | "foreman"; rate: number; }, { name: string; type: "laborer" | "foreman"; rate: number; }> | Promise<ResolverResult<{ name: string; type: "laborer" | "foreman"; rate: number; }, { ...; }>>'.
          Type 'ResolverSuccess<TFieldValues>' is not assignable to type 'ResolverResult<{ name: string; type: "laborer" | "foreman"; rate: number; }, { name: string; type: "laborer" | "foreman"; rate: number; }> | Promise<ResolverResult<{ name: string; type: "laborer" | "foreman"; rate: number; }, { ...; }>>'.
            Type 'ResolverSuccess<TFieldValues>' is not assignable to type 'ResolverSuccess<{ name: string; type: "laborer" | "foreman"; rate: number; }>'.
              Type 'TFieldValues' is not assignable to type '{ name: string; type: "laborer" | "foreman"; rate: number; }'.
                Type 'FieldValues' is missing the following properties from type '{ name: string; type: "laborer" | "foreman"; rate: number; }': name, type, rate
components/material-stock-in-form.tsx(67,27): error TS2769: No overload matches this call.
  Overload 1 of 4, '(schema: Zod3Type<FormValues, FieldValues>, schemaOptions?: ParseParams | undefined, resolverOptions?: NonRawResolverOptions | undefined): Resolver<...>', gave the following error.
    Argument of type 'ZodType<FormValues, unknown, $ZodTypeInternals<FormValues, unknown>>' is not assignable to parameter of type 'Zod3Type<FormValues, FieldValues>'.
      Types of property '_input' are incompatible.
        Type 'unknown' is not assignable to type 'FieldValues'.
  Overload 2 of 4, '(schema: $ZodType<unknown, FieldValues, $ZodTypeInternals<unknown, FieldValues>>, schemaOptions?: ParseContext<$ZodIssue> | undefined, resolverOptions?: NonRawResolverOptions | undefined): Resolver<...>', gave the following error.
    Argument of type 'ZodType<FormValues, unknown, $ZodTypeInternals<FormValues, unknown>>' is not assignable to parameter of type '$ZodType<unknown, FieldValues, $ZodTypeInternals<unknown, FieldValues>>'.
      Types of property '_zod' are incompatible.
        Type '$ZodTypeInternals<FormValues, unknown>' is not assignable to type '$ZodTypeInternals<unknown, FieldValues>'.
          Type 'unknown' is not assignable to type 'FieldValues'.
components/material-stock-out-form.tsx(62,27): error TS2769: No overload matches this call.
  Overload 1 of 4, '(schema: Zod3Type<FormValues, FieldValues>, schemaOptions?: ParseParams | undefined, resolverOptions?: NonRawResolverOptions | undefined): Resolver<...>', gave the following error.
    Argument of type 'ZodType<FormValues, unknown, $ZodTypeInternals<FormValues, unknown>>' is not assignable to parameter of type 'Zod3Type<FormValues, FieldValues>'.
      Types of property '_input' are incompatible.
        Type 'unknown' is not assignable to type 'FieldValues'.
  Overload 2 of 4, '(schema: $ZodType<unknown, FieldValues, $ZodTypeInternals<unknown, FieldValues>>, schemaOptions?: ParseContext<$ZodIssue> | undefined, resolverOptions?: NonRawResolverOptions | undefined): Resolver<...>', gave the following error.
    Argument of type 'ZodType<FormValues, unknown, $ZodTypeInternals<FormValues, unknown>>' is not assignable to parameter of type '$ZodType<unknown, FieldValues, $ZodTypeInternals<unknown, FieldValues>>'.
      Types of property '_zod' are incompatible.
        Type '$ZodTypeInternals<FormValues, unknown>' is not assignable to type '$ZodTypeInternals<unknown, FieldValues>'.
          Type 'unknown' is not assignable to type 'FieldValues'.
components/quick-entry-form.tsx(33,18): error TS2353: Object literal may only specify known properties, and 'required_error' does not exist in type '{ error?: string | $ZodErrorMap<$ZodIssueInvalidType<unknown>> | undefined; message?: string | undefined; }'.
components/quick-entry-form.tsx(48,5): error TS2322: Type 'Resolver<{ project_id: string; date: Date; items: { entryType: "transaction" | "recordable"; type: "income" | "expense" | "asset" | "liability"; amount: unknown; description: string; ledger_id: string; payment_mode: "cash" | "bank"; }[]; request_message?: string | undefined; }, any, { ...; }>' is not assignable to type 'Resolver<{ project_id: string; date: Date; items: { entryType: "transaction" | "recordable"; type: "income" | "expense" | "asset" | "liability"; amount: number; description: string; ledger_id: string; payment_mode: "cash" | "bank"; }[]; request_message?: string | undefined; }, any, { ...; }>'.
  Types of parameters 'options' and 'options' are incompatible.
    Type 'ResolverOptions<{ project_id: string; date: Date; items: { entryType: "transaction" | "recordable"; type: "income" | "expense" | "asset" | "liability"; amount: number; description: string; ledger_id: string; payment_mode: "cash" | "bank"; }[]; request_message?: string | undefined; }>' is not assignable to type 'ResolverOptions<{ project_id: string; date: Date; items: { entryType: "transaction" | "recordable"; type: "income" | "expense" | "asset" | "liability"; amount: unknown; description: string; ledger_id: string; payment_mode: "cash" | "bank"; }[]; request_message?: string | undefined; }>'.
      Type '{ entryType: "transaction" | "recordable"; type: "income" | "expense" | "asset" | "liability"; amount: unknown; description: string; ledger_id: string; payment_mode: "cash" | "bank"; }[]' is not assignable to type '{ entryType: "transaction" | "recordable"; type: "income" | "expense" | "asset" | "liability"; amount: number; description: string; ledger_id: string; payment_mode: "cash" | "bank"; }[]'.
        Type '{ entryType: "transaction" | "recordable"; type: "income" | "expense" | "asset" | "liability"; amount: unknown; description: string; ledger_id: string; payment_mode: "cash" | "bank"; }' is not assignable to type '{ entryType: "transaction" | "recordable"; type: "income" | "expense" | "asset" | "liability"; amount: number; description: string; ledger_id: string; payment_mode: "cash" | "bank"; }'.
          Types of property 'amount' are incompatible.
            Type 'unknown' is not assignable to type 'number'.
components/quick-entry-form.tsx(114,41): error TS2345: Argument of type '(values: { project_id: string; date: Date; items: { entryType: "transaction" | "recordable"; type: "income" | "expense" | "asset" | "liability"; amount: number; description: string; ledger_id: string; payment_mode: "cash" | "bank"; }[]; request_message?: string | undefined; }) => Promise<...>' is not assignable to parameter of type 'SubmitHandler<TFieldValues>'.
  Types of parameters 'values' and 'data' are incompatible.
    Type 'TFieldValues' is not assignable to type '{ project_id: string; date: Date; items: { entryType: "transaction" | "recordable"; type: "income" | "expense" | "asset" | "liability"; amount: number; description: string; ledger_id: string; payment_mode: "cash" | "bank"; }[]; request_message?: string | undefined; }'.
      Type 'FieldValues' is missing the following properties from type '{ project_id: string; date: Date; items: { entryType: "transaction" | "recordable"; type: "income" | "expense" | "asset" | "liability"; amount: number; description: string; ledger_id: string; payment_mode: "cash" | "bank"; }[]; request_message?: string | undefined; }': project_id, date, items
components/theme-provider.tsx(5,41): error TS2307: Cannot find module 'next-themes/dist/types' or its corresponding type declarations.
components/ui/calendar.tsx(57,9): error TS2353: Object literal may only specify known properties, and 'IconLeft' does not exist in type 'Partial<CustomComponents>'.
components/ui/calendar.tsx(57,22): error TS7031: Binding element 'className' implicitly has an 'any' type.
components/ui/calendar.tsx(60,23): error TS7031: Binding element 'className' implicitly has an 'any' type.
components/ui/chart.tsx(188,25): error TS7006: Parameter 'item' implicitly has an 'any' type.
components/ui/chart.tsx(188,31): error TS7006: Parameter 'index' implicitly has an 'any' type.
components/ui/chart.tsx(264,39): error TS2344: Type '"payload" | "verticalAlign"' does not satisfy the constraint '"string" | "role" | "filter" | "fill" | "values" | "cursor" | "result" | "id" | "type" | "name" | "from" | "style" | "media" | "spacing" | "order" | "height" | "width" | "transformOrigin" | ... 425 more ... | "onBBoxUpdate"'.
  Type '"payload"' is not assignable to type '"string" | "role" | "filter" | "fill" | "values" | "cursor" | "result" | "id" | "type" | "name" | "from" | "style" | "media" | "spacing" | "order" | "height" | "width" | "transformOrigin" | ... 425 more ... | "onBBoxUpdate"'.
components/ui/chart.tsx(288,23): error TS7006: Parameter 'item' implicitly has an 'any' type.
components/ui/menubar.tsx(4,35): error TS2307: Cannot find module '@radix-ui/react-menubar' or its corresponding type declarations.
components/ui/slider.tsx(4,34): error TS2307: Cannot find module '@radix-ui/react-slider' or its corresponding type declarations.
components/user-form.tsx(74,9): error TS2322: Type 'Resolver<{ name: string; email: string; role: "user" | "admin"; password?: string | undefined; newPassword?: string | undefined; confirmPassword?: string | undefined; assignedProjects?: string[] | undefined; isActive?: boolean | undefined; }, any, { ...; }>' is not assignable to type 'Resolver<{ name: string; email: string; role: "user" | "admin"; assignedProjects: string[]; isActive: boolean; password?: string | undefined; newPassword?: string | undefined; confirmPassword?: string | undefined; }, any, { ...; }>'.
  Types of parameters 'options' and 'options' are incompatible.
    Type 'ResolverOptions<{ name: string; email: string; role: "user" | "admin"; assignedProjects: string[]; isActive: boolean; password?: string | undefined; newPassword?: string | undefined; confirmPassword?: string | undefined; }>' is not assignable to type 'ResolverOptions<{ name: string; email: string; role: "user" | "admin"; password?: string | undefined; newPassword?: string | undefined; confirmPassword?: string | undefined; assignedProjects?: string[] | undefined; isActive?: boolean | undefined; }>'.
      Type 'string[] | undefined' is not assignable to type 'string[]'.
        Type 'undefined' is not assignable to type 'string[]'.
components/user-form.tsx(126,47): error TS2345: Argument of type '(values: { name: string; email: string; role: "user" | "admin"; assignedProjects: string[]; isActive: boolean; password?: string | undefined; newPassword?: string | undefined; confirmPassword?: string | undefined; }) => Promise<...>' is not assignable to parameter of type 'SubmitHandler<TFieldValues>'.
  Types of parameters 'values' and 'data' are incompatible.
    Type 'TFieldValues' is not assignable to type '{ name: string; email: string; role: "user" | "admin"; assignedProjects: string[]; isActive: boolean; password?: string | undefined; newPassword?: string | undefined; confirmPassword?: string | undefined; }'.
      Type 'FieldValues' is missing the following properties from type '{ name: string; email: string; role: "user" | "admin"; assignedProjects: string[]; isActive: boolean; password?: string | undefined; newPassword?: string | undefined; confirmPassword?: string | undefined; }': name, email, role, assignedProjects, isActive
components/user-form.tsx(130,29): error TS2322: Type 'Control<{ name: string; email: string; role: "user" | "admin"; assignedProjects: string[]; isActive: boolean; password?: string | undefined; newPassword?: string | undefined; confirmPassword?: string | undefined; }, any, TFieldValues>' is not assignable to type 'Control<{ name: string; email: string; role: "user" | "admin"; assignedProjects: string[]; isActive: boolean; password?: string | undefined; newPassword?: string | undefined; confirmPassword?: string | undefined; }, any, { ...; }>'.
  The types of '_options.resolver' are incompatible between these types.
    Type 'Resolver<{ name: string; email: string; role: "user" | "admin"; assignedProjects: string[]; isActive: boolean; password?: string | undefined; newPassword?: string | undefined; confirmPassword?: string | undefined; }, any, TFieldValues> | undefined' is not assignable to type 'Resolver<{ name: string; email: string; role: "user" | "admin"; assignedProjects: string[]; isActive: boolean; password?: string | undefined; newPassword?: string | undefined; confirmPassword?: string | undefined; }, any, { ...; }> | undefined'.
      Type 'Resolver<{ name: string; email: string; role: "user" | "admin"; assignedProjects: string[]; isActive: boolean; password?: string | undefined; newPassword?: string | undefined; confirmPassword?: string | undefined; }, any, TFieldValues>' is not assignable to type 'Resolver<{ name: string; email: string; role: "user" | "admin"; assignedProjects: string[]; isActive: boolean; password?: string | undefined; newPassword?: string | undefined; confirmPassword?: string | undefined; }, any, { ...; }>'.
        Type 'ResolverResult<{ name: string; email: string; role: "user" | "admin"; assignedProjects: string[]; isActive: boolean; password?: string | undefined; newPassword?: string | undefined; confirmPassword?: string | undefined; }, TFieldValues> | Promise<...>' is not assignable to type 'ResolverResult<{ name: string; email: string; role: "user" | "admin"; assignedProjects: string[]; isActive: boolean; password?: string | undefined; newPassword?: string | undefined; confirmPassword?: string | undefined; }, { ...; }> | Promise<...>'.
          Type 'ResolverSuccess<TFieldValues>' is not assignable to type 'ResolverResult<{ name: string; email: string; role: "user" | "admin"; assignedProjects: string[]; isActive: boolean; password?: string | undefined; newPassword?: string | undefined; confirmPassword?: string | undefined; }, { ...; }> | Promise<...>'.
            Type 'ResolverSuccess<TFieldValues>' is not assignable to type 'ResolverSuccess<{ name: string; email: string; role: "user" | "admin"; assignedProjects: string[]; isActive: boolean; password?: string | undefined; newPassword?: string | undefined; confirmPassword?: string | undefined; }>'.
              Type 'TFieldValues' is not assignable to type '{ name: string; email: string; role: "user" | "admin"; assignedProjects: string[]; isActive: boolean; password?: string | undefined; newPassword?: string | undefined; confirmPassword?: string | undefined; }'.
                Type 'FieldValues' is missing the following properties from type '{ name: string; email: string; role: "user" | "admin"; assignedProjects: string[]; isActive: boolean; password?: string | undefined; newPassword?: string | undefined; confirmPassword?: string | undefined; }': name, email, role, assignedProjects, isActive
components/user-form.tsx(143,29): error TS2322: Type 'Control<{ name: string; email: string; role: "user" | "admin"; assignedProjects: string[]; isActive: boolean; password?: string | undefined; newPassword?: string | undefined; confirmPassword?: string | undefined; }, any, TFieldValues>' is not assignable to type 'Control<{ name: string; email: string; role: "user" | "admin"; assignedProjects: string[]; isActive: boolean; password?: string | undefined; newPassword?: string | undefined; confirmPassword?: string | undefined; }, any, { ...; }>'.
  The types of '_options.resolver' are incompatible between these types.
    Type 'Resolver<{ name: string; email: string; role: "user" | "admin"; assignedProjects: string[]; isActive: boolean; password?: string | undefined; newPassword?: string | undefined; confirmPassword?: string | undefined; }, any, TFieldValues> | undefined' is not assignable to type 'Resolver<{ name: string; email: string; role: "user" | "admin"; assignedProjects: string[]; isActive: boolean; password?: string | undefined; newPassword?: string | undefined; confirmPassword?: string | undefined; }, any, { ...; }> | undefined'.
      Type 'Resolver<{ name: string; email: string; role: "user" | "admin"; assignedProjects: string[]; isActive: boolean; password?: string | undefined; newPassword?: string | undefined; confirmPassword?: string | undefined; }, any, TFieldValues>' is not assignable to type 'Resolver<{ name: string; email: string; role: "user" | "admin"; assignedProjects: string[]; isActive: boolean; password?: string | undefined; newPassword?: string | undefined; confirmPassword?: string | undefined; }, any, { ...; }>'.
        Type 'ResolverResult<{ name: string; email: string; role: "user" | "admin"; assignedProjects: string[]; isActive: boolean; password?: string | undefined; newPassword?: string | undefined; confirmPassword?: string | undefined; }, TFieldValues> | Promise<...>' is not assignable to type 'ResolverResult<{ name: string; email: string; role: "user" | "admin"; assignedProjects: string[]; isActive: boolean; password?: string | undefined; newPassword?: string | undefined; confirmPassword?: string | undefined; }, { ...; }> | Promise<...>'.
          Type 'ResolverSuccess<TFieldValues>' is not assignable to type 'ResolverResult<{ name: string; email: string; role: "user" | "admin"; assignedProjects: string[]; isActive: boolean; password?: string | undefined; newPassword?: string | undefined; confirmPassword?: string | undefined; }, { ...; }> | Promise<...>'.
            Type 'ResolverSuccess<TFieldValues>' is not assignable to type 'ResolverSuccess<{ name: string; email: string; role: "user" | "admin"; assignedProjects: string[]; isActive: boolean; password?: string | undefined; newPassword?: string | undefined; confirmPassword?: string | undefined; }>'.
              Type 'TFieldValues' is not assignable to type '{ name: string; email: string; role: "user" | "admin"; assignedProjects: string[]; isActive: boolean; password?: string | undefined; newPassword?: string | undefined; confirmPassword?: string | undefined; }'.
                Type 'FieldValues' is missing the following properties from type '{ name: string; email: string; role: "user" | "admin"; assignedProjects: string[]; isActive: boolean; password?: string | undefined; newPassword?: string | undefined; confirmPassword?: string | undefined; }': name, email, role, assignedProjects, isActive
components/user-form.tsx(161,37): error TS2322: Type 'Control<{ name: string; email: string; role: "user" | "admin"; assignedProjects: string[]; isActive: boolean; password?: string | undefined; newPassword?: string | undefined; confirmPassword?: string | undefined; }, any, TFieldValues>' is not assignable to type 'Control<{ name: string; email: string; role: "user" | "admin"; assignedProjects: string[]; isActive: boolean; password?: string | undefined; newPassword?: string | undefined; confirmPassword?: string | undefined; }, any, { ...; }>'.
  The types of '_options.resolver' are incompatible between these types.
    Type 'Resolver<{ name: string; email: string; role: "user" | "admin"; assignedProjects: string[]; isActive: boolean; password?: string | undefined; newPassword?: string | undefined; confirmPassword?: string | undefined; }, any, TFieldValues> | undefined' is not assignable to type 'Resolver<{ name: string; email: string; role: "user" | "admin"; assignedProjects: string[]; isActive: boolean; password?: string | undefined; newPassword?: string | undefined; confirmPassword?: string | undefined; }, any, { ...; }> | undefined'.
      Type 'Resolver<{ name: string; email: string; role: "user" | "admin"; assignedProjects: string[]; isActive: boolean; password?: string | undefined; newPassword?: string | undefined; confirmPassword?: string | undefined; }, any, TFieldValues>' is not assignable to type 'Resolver<{ name: string; email: string; role: "user" | "admin"; assignedProjects: string[]; isActive: boolean; password?: string | undefined; newPassword?: string | undefined; confirmPassword?: string | undefined; }, any, { ...; }>'.
        Type 'ResolverResult<{ name: string; email: string; role: "user" | "admin"; assignedProjects: string[]; isActive: boolean; password?: string | undefined; newPassword?: string | undefined; confirmPassword?: string | undefined; }, TFieldValues> | Promise<...>' is not assignable to type 'ResolverResult<{ name: string; email: string; role: "user" | "admin"; assignedProjects: string[]; isActive: boolean; password?: string | undefined; newPassword?: string | undefined; confirmPassword?: string | undefined; }, { ...; }> | Promise<...>'.
          Type 'ResolverSuccess<TFieldValues>' is not assignable to type 'ResolverResult<{ name: string; email: string; role: "user" | "admin"; assignedProjects: string[]; isActive: boolean; password?: string | undefined; newPassword?: string | undefined; confirmPassword?: string | undefined; }, { ...; }> | Promise<...>'.
            Type 'ResolverSuccess<TFieldValues>' is not assignable to type 'ResolverSuccess<{ name: string; email: string; role: "user" | "admin"; assignedProjects: string[]; isActive: boolean; password?: string | undefined; newPassword?: string | undefined; confirmPassword?: string | undefined; }>'.
              Type 'TFieldValues' is not assignable to type '{ name: string; email: string; role: "user" | "admin"; assignedProjects: string[]; isActive: boolean; password?: string | undefined; newPassword?: string | undefined; confirmPassword?: string | undefined; }'.
                Type 'FieldValues' is missing the following properties from type '{ name: string; email: string; role: "user" | "admin"; assignedProjects: string[]; isActive: boolean; password?: string | undefined; newPassword?: string | undefined; confirmPassword?: string | undefined; }': name, email, role, assignedProjects, isActive
components/user-form.tsx(174,37): error TS2322: Type 'Control<{ name: string; email: string; role: "user" | "admin"; assignedProjects: string[]; isActive: boolean; password?: string | undefined; newPassword?: string | undefined; confirmPassword?: string | undefined; }, any, TFieldValues>' is not assignable to type 'Control<{ name: string; email: string; role: "user" | "admin"; assignedProjects: string[]; isActive: boolean; password?: string | undefined; newPassword?: string | undefined; confirmPassword?: string | undefined; }, any, { ...; }>'.
  The types of '_options.resolver' are incompatible between these types.
    Type 'Resolver<{ name: string; email: string; role: "user" | "admin"; assignedProjects: string[]; isActive: boolean; password?: string | undefined; newPassword?: string | undefined; confirmPassword?: string | undefined; }, any, TFieldValues> | undefined' is not assignable to type 'Resolver<{ name: string; email: string; role: "user" | "admin"; assignedProjects: string[]; isActive: boolean; password?: string | undefined; newPassword?: string | undefined; confirmPassword?: string | undefined; }, any, { ...; }> | undefined'.
      Type 'Resolver<{ name: string; email: string; role: "user" | "admin"; assignedProjects: string[]; isActive: boolean; password?: string | undefined; newPassword?: string | undefined; confirmPassword?: string | undefined; }, any, TFieldValues>' is not assignable to type 'Resolver<{ name: string; email: string; role: "user" | "admin"; assignedProjects: string[]; isActive: boolean; password?: string | undefined; newPassword?: string | undefined; confirmPassword?: string | undefined; }, any, { ...; }>'.
        Type 'ResolverResult<{ name: string; email: string; role: "user" | "admin"; assignedProjects: string[]; isActive: boolean; password?: string | undefined; newPassword?: string | undefined; confirmPassword?: string | undefined; }, TFieldValues> | Promise<...>' is not assignable to type 'ResolverResult<{ name: string; email: string; role: "user" | "admin"; assignedProjects: string[]; isActive: boolean; password?: string | undefined; newPassword?: string | undefined; confirmPassword?: string | undefined; }, { ...; }> | Promise<...>'.
          Type 'ResolverSuccess<TFieldValues>' is not assignable to type 'ResolverResult<{ name: string; email: string; role: "user" | "admin"; assignedProjects: string[]; isActive: boolean; password?: string | undefined; newPassword?: string | undefined; confirmPassword?: string | undefined; }, { ...; }> | Promise<...>'.
            Type 'ResolverSuccess<TFieldValues>' is not assignable to type 'ResolverSuccess<{ name: string; email: string; role: "user" | "admin"; assignedProjects: string[]; isActive: boolean; password?: string | undefined; newPassword?: string | undefined; confirmPassword?: string | undefined; }>'.
              Type 'TFieldValues' is not assignable to type '{ name: string; email: string; role: "user" | "admin"; assignedProjects: string[]; isActive: boolean; password?: string | undefined; newPassword?: string | undefined; confirmPassword?: string | undefined; }'.
                Type 'FieldValues' is missing the following properties from type '{ name: string; email: string; role: "user" | "admin"; assignedProjects: string[]; isActive: boolean; password?: string | undefined; newPassword?: string | undefined; confirmPassword?: string | undefined; }': name, email, role, assignedProjects, isActive
components/user-form.tsx(189,33): error TS2322: Type 'Control<{ name: string; email: string; role: "user" | "admin"; assignedProjects: string[]; isActive: boolean; password?: string | undefined; newPassword?: string | undefined; confirmPassword?: string | undefined; }, any, TFieldValues>' is not assignable to type 'Control<{ name: string; email: string; role: "user" | "admin"; assignedProjects: string[]; isActive: boolean; password?: string | undefined; newPassword?: string | undefined; confirmPassword?: string | undefined; }, any, { ...; }>'.
  The types of '_options.resolver' are incompatible between these types.
    Type 'Resolver<{ name: string; email: string; role: "user" | "admin"; assignedProjects: string[]; isActive: boolean; password?: string | undefined; newPassword?: string | undefined; confirmPassword?: string | undefined; }, any, TFieldValues> | undefined' is not assignable to type 'Resolver<{ name: string; email: string; role: "user" | "admin"; assignedProjects: string[]; isActive: boolean; password?: string | undefined; newPassword?: string | undefined; confirmPassword?: string | undefined; }, any, { ...; }> | undefined'.
      Type 'Resolver<{ name: string; email: string; role: "user" | "admin"; assignedProjects: string[]; isActive: boolean; password?: string | undefined; newPassword?: string | undefined; confirmPassword?: string | undefined; }, any, TFieldValues>' is not assignable to type 'Resolver<{ name: string; email: string; role: "user" | "admin"; assignedProjects: string[]; isActive: boolean; password?: string | undefined; newPassword?: string | undefined; confirmPassword?: string | undefined; }, any, { ...; }>'.
        Type 'ResolverResult<{ name: string; email: string; role: "user" | "admin"; assignedProjects: string[]; isActive: boolean; password?: string | undefined; newPassword?: string | undefined; confirmPassword?: string | undefined; }, TFieldValues> | Promise<...>' is not assignable to type 'ResolverResult<{ name: string; email: string; role: "user" | "admin"; assignedProjects: string[]; isActive: boolean; password?: string | undefined; newPassword?: string | undefined; confirmPassword?: string | undefined; }, { ...; }> | Promise<...>'.
          Type 'ResolverSuccess<TFieldValues>' is not assignable to type 'ResolverResult<{ name: string; email: string; role: "user" | "admin"; assignedProjects: string[]; isActive: boolean; password?: string | undefined; newPassword?: string | undefined; confirmPassword?: string | undefined; }, { ...; }> | Promise<...>'.
            Type 'ResolverSuccess<TFieldValues>' is not assignable to type 'ResolverSuccess<{ name: string; email: string; role: "user" | "admin"; assignedProjects: string[]; isActive: boolean; password?: string | undefined; newPassword?: string | undefined; confirmPassword?: string | undefined; }>'.
              Type 'TFieldValues' is not assignable to type '{ name: string; email: string; role: "user" | "admin"; assignedProjects: string[]; isActive: boolean; password?: string | undefined; newPassword?: string | undefined; confirmPassword?: string | undefined; }'.
                Type 'FieldValues' is missing the following properties from type '{ name: string; email: string; role: "user" | "admin"; assignedProjects: string[]; isActive: boolean; password?: string | undefined; newPassword?: string | undefined; confirmPassword?: string | undefined; }': name, email, role, assignedProjects, isActive
components/user-form.tsx(207,29): error TS2322: Type 'Control<{ name: string; email: string; role: "user" | "admin"; assignedProjects: string[]; isActive: boolean; password?: string | undefined; newPassword?: string | undefined; confirmPassword?: string | undefined; }, any, TFieldValues>' is not assignable to type 'Control<{ name: string; email: string; role: "user" | "admin"; assignedProjects: string[]; isActive: boolean; password?: string | undefined; newPassword?: string | undefined; confirmPassword?: string | undefined; }, any, { ...; }>'.
  The types of '_options.resolver' are incompatible between these types.
    Type 'Resolver<{ name: string; email: string; role: "user" | "admin"; assignedProjects: string[]; isActive: boolean; password?: string | undefined; newPassword?: string | undefined; confirmPassword?: string | undefined; }, any, TFieldValues> | undefined' is not assignable to type 'Resolver<{ name: string; email: string; role: "user" | "admin"; assignedProjects: string[]; isActive: boolean; password?: string | undefined; newPassword?: string | undefined; confirmPassword?: string | undefined; }, any, { ...; }> | undefined'.
      Type 'Resolver<{ name: string; email: string; role: "user" | "admin"; assignedProjects: string[]; isActive: boolean; password?: string | undefined; newPassword?: string | undefined; confirmPassword?: string | undefined; }, any, TFieldValues>' is not assignable to type 'Resolver<{ name: string; email: string; role: "user" | "admin"; assignedProjects: string[]; isActive: boolean; password?: string | undefined; newPassword?: string | undefined; confirmPassword?: string | undefined; }, any, { ...; }>'.
        Type 'ResolverResult<{ name: string; email: string; role: "user" | "admin"; assignedProjects: string[]; isActive: boolean; password?: string | undefined; newPassword?: string | undefined; confirmPassword?: string | undefined; }, TFieldValues> | Promise<...>' is not assignable to type 'ResolverResult<{ name: string; email: string; role: "user" | "admin"; assignedProjects: string[]; isActive: boolean; password?: string | undefined; newPassword?: string | undefined; confirmPassword?: string | undefined; }, { ...; }> | Promise<...>'.
          Type 'ResolverSuccess<TFieldValues>' is not assignable to type 'ResolverResult<{ name: string; email: string; role: "user" | "admin"; assignedProjects: string[]; isActive: boolean; password?: string | undefined; newPassword?: string | undefined; confirmPassword?: string | undefined; }, { ...; }> | Promise<...>'.
            Type 'ResolverSuccess<TFieldValues>' is not assignable to type 'ResolverSuccess<{ name: string; email: string; role: "user" | "admin"; assignedProjects: string[]; isActive: boolean; password?: string | undefined; newPassword?: string | undefined; confirmPassword?: string | undefined; }>'.
              Type 'TFieldValues' is not assignable to type '{ name: string; email: string; role: "user" | "admin"; assignedProjects: string[]; isActive: boolean; password?: string | undefined; newPassword?: string | undefined; confirmPassword?: string | undefined; }'.
                Type 'FieldValues' is missing the following properties from type '{ name: string; email: string; role: "user" | "admin"; assignedProjects: string[]; isActive: boolean; password?: string | undefined; newPassword?: string | undefined; confirmPassword?: string | undefined; }': name, email, role, assignedProjects, isActive
components/user-form.tsx(237,33): error TS2322: Type 'Control<{ name: string; email: string; role: "user" | "admin"; assignedProjects: string[]; isActive: boolean; password?: string | undefined; newPassword?: string | undefined; confirmPassword?: string | undefined; }, any, TFieldValues>' is not assignable to type 'Control<{ name: string; email: string; role: "user" | "admin"; assignedProjects: string[]; isActive: boolean; password?: string | undefined; newPassword?: string | undefined; confirmPassword?: string | undefined; }, any, { ...; }>'.
  The types of '_options.resolver' are incompatible between these types.
    Type 'Resolver<{ name: string; email: string; role: "user" | "admin"; assignedProjects: string[]; isActive: boolean; password?: string | undefined; newPassword?: string | undefined; confirmPassword?: string | undefined; }, any, TFieldValues> | undefined' is not assignable to type 'Resolver<{ name: string; email: string; role: "user" | "admin"; assignedProjects: string[]; isActive: boolean; password?: string | undefined; newPassword?: string | undefined; confirmPassword?: string | undefined; }, any, { ...; }> | undefined'.
      Type 'Resolver<{ name: string; email: string; role: "user" | "admin"; assignedProjects: string[]; isActive: boolean; password?: string | undefined; newPassword?: string | undefined; confirmPassword?: string | undefined; }, any, TFieldValues>' is not assignable to type 'Resolver<{ name: string; email: string; role: "user" | "admin"; assignedProjects: string[]; isActive: boolean; password?: string | undefined; newPassword?: string | undefined; confirmPassword?: string | undefined; }, any, { ...; }>'.
        Type 'ResolverResult<{ name: string; email: string; role: "user" | "admin"; assignedProjects: string[]; isActive: boolean; password?: string | undefined; newPassword?: string | undefined; confirmPassword?: string | undefined; }, TFieldValues> | Promise<...>' is not assignable to type 'ResolverResult<{ name: string; email: string; role: "user" | "admin"; assignedProjects: string[]; isActive: boolean; password?: string | undefined; newPassword?: string | undefined; confirmPassword?: string | undefined; }, { ...; }> | Promise<...>'.
          Type 'ResolverSuccess<TFieldValues>' is not assignable to type 'ResolverResult<{ name: string; email: string; role: "user" | "admin"; assignedProjects: string[]; isActive: boolean; password?: string | undefined; newPassword?: string | undefined; confirmPassword?: string | undefined; }, { ...; }> | Promise<...>'.
            Type 'ResolverSuccess<TFieldValues>' is not assignable to type 'ResolverSuccess<{ name: string; email: string; role: "user" | "admin"; assignedProjects: string[]; isActive: boolean; password?: string | undefined; newPassword?: string | undefined; confirmPassword?: string | undefined; }>'.
              Type 'TFieldValues' is not assignable to type '{ name: string; email: string; role: "user" | "admin"; assignedProjects: string[]; isActive: boolean; password?: string | undefined; newPassword?: string | undefined; confirmPassword?: string | undefined; }'.
                Type 'FieldValues' is missing the following properties from type '{ name: string; email: string; role: "user" | "admin"; assignedProjects: string[]; isActive: boolean; password?: string | undefined; newPassword?: string | undefined; confirmPassword?: string | undefined; }': name, email, role, assignedProjects, isActive
components/user-form.tsx(261,37): error TS2322: Type 'Control<{ name: string; email: string; role: "user" | "admin"; assignedProjects: string[]; isActive: boolean; password?: string | undefined; newPassword?: string | undefined; confirmPassword?: string | undefined; }, any, TFieldValues>' is not assignable to type 'Control<{ name: string; email: string; role: "user" | "admin"; assignedProjects: string[]; isActive: boolean; password?: string | undefined; newPassword?: string | undefined; confirmPassword?: string | undefined; }, any, { ...; }>'.
  The types of '_options.resolver' are incompatible between these types.
    Type 'Resolver<{ name: string; email: string; role: "user" | "admin"; assignedProjects: string[]; isActive: boolean; password?: string | undefined; newPassword?: string | undefined; confirmPassword?: string | undefined; }, any, TFieldValues> | undefined' is not assignable to type 'Resolver<{ name: string; email: string; role: "user" | "admin"; assignedProjects: string[]; isActive: boolean; password?: string | undefined; newPassword?: string | undefined; confirmPassword?: string | undefined; }, any, { ...; }> | undefined'.
      Type 'Resolver<{ name: string; email: string; role: "user" | "admin"; assignedProjects: string[]; isActive: boolean; password?: string | undefined; newPassword?: string | undefined; confirmPassword?: string | undefined; }, any, TFieldValues>' is not assignable to type 'Resolver<{ name: string; email: string; role: "user" | "admin"; assignedProjects: string[]; isActive: boolean; password?: string | undefined; newPassword?: string | undefined; confirmPassword?: string | undefined; }, any, { ...; }>'.
        Type 'ResolverResult<{ name: string; email: string; role: "user" | "admin"; assignedProjects: string[]; isActive: boolean; password?: string | undefined; newPassword?: string | undefined; confirmPassword?: string | undefined; }, TFieldValues> | Promise<...>' is not assignable to type 'ResolverResult<{ name: string; email: string; role: "user" | "admin"; assignedProjects: string[]; isActive: boolean; password?: string | undefined; newPassword?: string | undefined; confirmPassword?: string | undefined; }, { ...; }> | Promise<...>'.
          Type 'ResolverSuccess<TFieldValues>' is not assignable to type 'ResolverResult<{ name: string; email: string; role: "user" | "admin"; assignedProjects: string[]; isActive: boolean; password?: string | undefined; newPassword?: string | undefined; confirmPassword?: string | undefined; }, { ...; }> | Promise<...>'.
            Type 'ResolverSuccess<TFieldValues>' is not assignable to type 'ResolverSuccess<{ name: string; email: string; role: "user" | "admin"; assignedProjects: string[]; isActive: boolean; password?: string | undefined; newPassword?: string | undefined; confirmPassword?: string | undefined; }>'.
              Type 'TFieldValues' is not assignable to type '{ name: string; email: string; role: "user" | "admin"; assignedProjects: string[]; isActive: boolean; password?: string | undefined; newPassword?: string | undefined; confirmPassword?: string | undefined; }'.
                Type 'FieldValues' is missing the following properties from type '{ name: string; email: string; role: "user" | "admin"; assignedProjects: string[]; isActive: boolean; password?: string | undefined; newPassword?: string | undefined; confirmPassword?: string | undefined; }': name, email, role, assignedProjects, isActive
