.next/types/app/(app)/dashboard/page.ts(28,13): error TS2344: Type 'OmitWithTag<{ panelTitle?: string | undefined; }, keyof PageProps, "default">' does not satisfy the constraint '{ [x: string]: never; }'.
  Property 'panelTitle' is incompatible with index signature.
    Type 'string' is not assignable to type 'never'.
.next/types/app/(app)/dashboard/page.ts(28,29): error TS2559: Type '{ panelTitle?: string | undefined; }' has no properties in common with type 'PageProps'.
ai/flows.ts(17,9): error TS2740: Type '_ZodType<$ZodAnyInternals>' is missing the following properties from type 'ZodType<any, any, any>': _type, _parse, _getType, _getOrReturnCtx, and 7 more.
ai/flows.ts(18,9): error TS2740: Type '_ZodType<$ZodAnyInternals>' is missing the following properties from type 'ZodType<any, any, any>': _type, _parse, _getType, _getOrReturnCtx, and 7 more.
app/(app)/journal/page.tsx(170,38): error TS2739: Type '{ options: { value: any; label: any; }[]; value: string; onChange: Dispatch<SetStateAction<string>>; placeholder: string; }' is missing the following properties from type 'ComboboxProps': searchPlaceholder, notFoundMessage
app/(app)/ledgers/page.tsx(79,13): error TS2554: Expected 2-3 arguments, but got 1.
app/(app)/ledgers/page.tsx(213,34): error TS18047: 'data.cell.raw' is possibly 'null'.
app/(app)/records/page.tsx(17,10): error TS2305: Module '"@/lib/utils"' has no exported member 'filterRecordables'.
app/api/ai/process-bill/route.ts(23,76): error TS18046: 'error' is of type 'unknown'.
app/api/approvals/route.ts(51,43): error TS18046: 'error' is of type 'unknown'.
app/api/approvals/route.ts(137,43): error TS18046: 'error' is of type 'unknown'.
app/api/debug/route.ts(15,62): error TS18046: 'error' is of type 'unknown'.
app/api/debug/route.ts(15,84): error TS18046: 'error' is of type 'unknown'.
app/api/documents/route.ts(46,43): error TS18046: 'error' is of type 'unknown'.
app/api/documents/route.ts(99,43): error TS18046: 'error' is of type 'unknown'.
app/api/documents/route.ts(161,43): error TS18046: 'error' is of type 'unknown'.
app/api/documents/route.ts(211,43): error TS18046: 'error' is of type 'unknown'.
app/api/hajari/route.ts(43,43): error TS18046: 'error' is of type 'unknown'.
app/api/hajari/route.ts(128,43): error TS18046: 'error' is of type 'unknown'.
app/api/hajari/route.ts(186,43): error TS18046: 'error' is of type 'unknown'.
app/api/hajari/route.ts(227,43): error TS18046: 'error' is of type 'unknown'.
app/api/invites/accept/route.ts(65,43): error TS18046: 'error' is of type 'unknown'.
app/api/invites/route.ts(40,43): error TS18046: 'error' is of type 'unknown'.
app/api/invites/route.ts(110,43): error TS18046: 'error' is of type 'unknown'.
app/api/invites/route.ts(144,43): error TS18046: 'error' is of type 'unknown'.
app/api/labors/route.ts(17,43): error TS18046: 'error' is of type 'unknown'.
app/api/labors/route.ts(41,43): error TS18046: 'error' is of type 'unknown'.
app/api/labors/route.ts(69,43): error TS18046: 'error' is of type 'unknown'.
app/api/labors/route.ts(91,43): error TS18046: 'error' is of type 'unknown'.
app/api/ledgers/route.ts(31,43): error TS18046: 'error' is of type 'unknown'.
app/api/ledgers/route.ts(84,43): error TS18046: 'error' is of type 'unknown'.
app/api/ledgers/route.ts(140,43): error TS18046: 'error' is of type 'unknown'.
app/api/ledgers/route.ts(190,43): error TS18046: 'error' is of type 'unknown'.
app/api/material-ledger/route.ts(43,43): error TS18046: 'error' is of type 'unknown'.
app/api/material-ledger/route.ts(96,43): error TS18046: 'error' is of type 'unknown'.
app/api/material-ledger/route.ts(157,43): error TS18046: 'error' is of type 'unknown'.
app/api/material-ledger/route.ts(199,43): error TS18046: 'error' is of type 'unknown'.
app/api/materials/route.ts(19,43): error TS18046: 'error' is of type 'unknown'.
app/api/materials/route.ts(58,43): error TS18046: 'error' is of type 'unknown'.
app/api/materials/route.ts(111,43): error TS18046: 'error' is of type 'unknown'.
app/api/materials/route.ts(154,43): error TS18046: 'error' is of type 'unknown'.
app/api/notifications/route.ts(17,43): error TS18046: 'error' is of type 'unknown'.
app/api/notifications/route.ts(42,43): error TS18046: 'error' is of type 'unknown'.
app/api/notifications/route.ts(65,43): error TS18046: 'error' is of type 'unknown'.
app/api/notifications/route.ts(86,43): error TS18046: 'error' is of type 'unknown'.
app/api/notifications/send/route.ts(104,25): error TS18046: 'error' is of type 'unknown'.
app/api/notifications/send/route.ts(104,53): error TS18046: 'error' is of type 'unknown'.
app/api/notifications/send/route.ts(110,77): error TS18046: 'error' is of type 'unknown'.
app/api/photos/route.ts(46,43): error TS18046: 'error' is of type 'unknown'.
app/api/photos/route.ts(98,43): error TS18046: 'error' is of type 'unknown'.
app/api/photos/route.ts(158,43): error TS18046: 'error' is of type 'unknown'.
app/api/photos/route.ts(208,43): error TS18046: 'error' is of type 'unknown'.
app/api/records/route.ts(57,43): error TS18046: 'error' is of type 'unknown'.
app/api/records/route.ts(113,43): error TS18046: 'error' is of type 'unknown'.
app/api/records/route.ts(177,43): error TS18046: 'error' is of type 'unknown'.
app/api/records/route.ts(219,43): error TS18046: 'error' is of type 'unknown'.
app/api/tasks/route.ts(44,43): error TS18046: 'error' is of type 'unknown'.
app/api/tasks/route.ts(97,43): error TS18046: 'error' is of type 'unknown'.
app/api/tasks/route.ts(156,43): error TS18046: 'error' is of type 'unknown'.
app/api/tasks/route.ts(199,43): error TS18046: 'error' is of type 'unknown'.
app/api/users/route.ts(53,43): error TS18046: 'error' is of type 'unknown'.
app/api/users/route.ts(124,43): error TS18046: 'error' is of type 'unknown'.
app/api/users/route.ts(202,43): error TS18046: 'error' is of type 'unknown'.
app/api/users/route.ts(241,43): error TS18046: 'error' is of type 'unknown'.
app/api/verify/route.ts(41,43): error TS18046: 'error' is of type 'unknown'.
components/document-form.tsx(140,23): error TS18048: 'document' is possibly 'undefined'.
components/document-form.tsx(140,32): error TS2339: Property 'getElementById' does not exist on type 'Document'.
components/invite-user-form.tsx(27,11): error TS2769: No overload matches this call.
  Overload 1 of 2, '(values: readonly ["ADMIN", "USER"], params?: string | { error?: string | $ZodErrorMap<$ZodIssueInvalidValue<unknown>> | undefined; message?: string | undefined; } | undefined): ZodEnum<...>', gave the following error.
    Object literal may only specify known properties, and 'required_error' does not exist in type '{ error?: string | $ZodErrorMap<$ZodIssueInvalidValue<unknown>> | undefined; message?: string | undefined; }'.
  Overload 2 of 2, '(entries: Readonly<Record<string, EnumValue>>, params?: string | { error?: string | $ZodErrorMap<$ZodIssueInvalidValue<unknown>> | undefined; message?: string | undefined; } | undefined): ZodEnum<...>', gave the following error.
    Argument of type 'string[]' is not assignable to parameter of type 'Readonly<Record<string, EnumValue>>'.
      Index signature for type 'string' is missing in type 'string[]'.
components/journal/journal-actions.tsx(35,13): error TS2339: Property 'user' does not exist on type 'AppState'.
components/labor-form.tsx(26,11): error TS2769: No overload matches this call.
  Overload 1 of 2, '(values: readonly ["laborer", "foreman"], params?: string | { error?: string | $ZodErrorMap<$ZodIssueInvalidValue<unknown>> | undefined; message?: string | undefined; } | undefined): ZodEnum<...>', gave the following error.
    Object literal may only specify known properties, and 'required_error' does not exist in type '{ error?: string | $ZodErrorMap<$ZodIssueInvalidValue<unknown>> | undefined; message?: string | undefined; }'.
  Overload 2 of 2, '(entries: Readonly<Record<string, EnumValue>>, params?: string | { error?: string | $ZodErrorMap<$ZodIssueInvalidValue<unknown>> | undefined; message?: string | undefined; } | undefined): ZodEnum<...>', gave the following error.
    Argument of type 'string[]' is not assignable to parameter of type 'Readonly<Record<string, EnumValue>>'.
      Index signature for type 'string' is missing in type 'string[]'.
components/labor-form.tsx(40,5): error TS2322: Type 'Resolver<{ name: string; type: "laborer" | "foreman"; rate: unknown; }, any, { name: string; type: "laborer" | "foreman"; rate: number; }>' is not assignable to type 'Resolver<{ name: string; type: "laborer" | "foreman"; rate: number; }, any, { name: string; type: "laborer" | "foreman"; rate: number; }>'.
  Types of parameters 'options' and 'options' are incompatible.
    Type 'ResolverOptions<{ name: string; type: "laborer" | "foreman"; rate: number; }>' is not assignable to type 'ResolverOptions<{ name: string; type: "laborer" | "foreman"; rate: unknown; }>'.
      Type 'unknown' is not assignable to type 'number'.
components/labor-form.tsx(78,41): error TS2345: Argument of type '(values: { name: string; type: "laborer" | "foreman"; rate: number; }) => Promise<void>' is not assignable to parameter of type 'SubmitHandler<TFieldValues>'.
  Types of parameters 'values' and 'data' are incompatible.
    Type 'TFieldValues' is not assignable to type '{ name: string; type: "laborer" | "foreman"; rate: number; }'.
      Type 'FieldValues' is missing the following properties from type '{ name: string; type: "laborer" | "foreman"; rate: number; }': name, type, rate
components/labor-form.tsx(80,11): error TS2322: Type 'Control<{ name: string; type: "laborer" | "foreman"; rate: number; }, any, TFieldValues>' is not assignable to type 'Control<{ name: string; type: "laborer" | "foreman"; rate: number; }, any, { name: string; type: "laborer" | "foreman"; rate: number; }>'.
  The types of '_options.resolver' are incompatible between these types.
    Type 'Resolver<{ name: string; type: "laborer" | "foreman"; rate: number; }, any, TFieldValues> | undefined' is not assignable to type 'Resolver<{ name: string; type: "laborer" | "foreman"; rate: number; }, any, { name: string; type: "laborer" | "foreman"; rate: number; }> | undefined'.
      Type 'Resolver<{ name: string; type: "laborer" | "foreman"; rate: number; }, any, TFieldValues>' is not assignable to type 'Resolver<{ name: string; type: "laborer" | "foreman"; rate: number; }, any, { name: string; type: "laborer" | "foreman"; rate: number; }>'.
        Type 'ResolverResult<{ name: string; type: "laborer" | "foreman"; rate: number; }, TFieldValues> | Promise<ResolverResult<{ name: string; type: "laborer" | "foreman"; rate: number; }, TFieldValues>>' is not assignable to type 'ResolverResult<{ name: string; type: "laborer" | "foreman"; rate: number; }, { name: string; type: "laborer" | "foreman"; rate: number; }> | Promise<ResolverResult<{ name: string; type: "laborer" | "foreman"; rate: number; }, { ...; }>>'.
          Type 'ResolverSuccess<TFieldValues>' is not assignable to type 'ResolverResult<{ name: string; type: "laborer" | "foreman"; rate: number; }, { name: string; type: "laborer" | "foreman"; rate: number; }> | Promise<ResolverResult<{ name: string; type: "laborer" | "foreman"; rate: number; }, { ...; }>>'.
            Type 'ResolverSuccess<TFieldValues>' is not assignable to type 'ResolverSuccess<{ name: string; type: "laborer" | "foreman"; rate: number; }>'.
              Type 'TFieldValues' is not assignable to type '{ name: string; type: "laborer" | "foreman"; rate: number; }'.
                Type 'FieldValues' is missing the following properties from type '{ name: string; type: "laborer" | "foreman"; rate: number; }': name, type, rate
components/labor-form.tsx(93,11): error TS2322: Type 'Control<{ name: string; type: "laborer" | "foreman"; rate: number; }, any, TFieldValues>' is not assignable to type 'Control<{ name: string; type: "laborer" | "foreman"; rate: number; }, any, { name: string; type: "laborer" | "foreman"; rate: number; }>'.
  The types of '_options.resolver' are incompatible between these types.
    Type 'Resolver<{ name: string; type: "laborer" | "foreman"; rate: number; }, any, TFieldValues> | undefined' is not assignable to type 'Resolver<{ name: string; type: "laborer" | "foreman"; rate: number; }, any, { name: string; type: "laborer" | "foreman"; rate: number; }> | undefined'.
      Type 'Resolver<{ name: string; type: "laborer" | "foreman"; rate: number; }, any, TFieldValues>' is not assignable to type 'Resolver<{ name: string; type: "laborer" | "foreman"; rate: number; }, any, { name: string; type: "laborer" | "foreman"; rate: number; }>'.
        Type 'ResolverResult<{ name: string; type: "laborer" | "foreman"; rate: number; }, TFieldValues> | Promise<ResolverResult<{ name: string; type: "laborer" | "foreman"; rate: number; }, TFieldValues>>' is not assignable to type 'ResolverResult<{ name: string; type: "laborer" | "foreman"; rate: number; }, { name: string; type: "laborer" | "foreman"; rate: number; }> | Promise<ResolverResult<{ name: string; type: "laborer" | "foreman"; rate: number; }, { ...; }>>'.
          Type 'ResolverSuccess<TFieldValues>' is not assignable to type 'ResolverResult<{ name: string; type: "laborer" | "foreman"; rate: number; }, { name: string; type: "laborer" | "foreman"; rate: number; }> | Promise<ResolverResult<{ name: string; type: "laborer" | "foreman"; rate: number; }, { ...; }>>'.
            Type 'ResolverSuccess<TFieldValues>' is not assignable to type 'ResolverSuccess<{ name: string; type: "laborer" | "foreman"; rate: number; }>'.
              Type 'TFieldValues' is not assignable to type '{ name: string; type: "laborer" | "foreman"; rate: number; }'.
                Type 'FieldValues' is missing the following properties from type '{ name: string; type: "laborer" | "foreman"; rate: number; }': name, type, rate
components/labor-form.tsx(114,11): error TS2322: Type 'Control<{ name: string; type: "laborer" | "foreman"; rate: number; }, any, TFieldValues>' is not assignable to type 'Control<{ name: string; type: "laborer" | "foreman"; rate: number; }, any, { name: string; type: "laborer" | "foreman"; rate: number; }>'.
  The types of '_options.resolver' are incompatible between these types.
    Type 'Resolver<{ name: string; type: "laborer" | "foreman"; rate: number; }, any, TFieldValues> | undefined' is not assignable to type 'Resolver<{ name: string; type: "laborer" | "foreman"; rate: number; }, any, { name: string; type: "laborer" | "foreman"; rate: number; }> | undefined'.
      Type 'Resolver<{ name: string; type: "laborer" | "foreman"; rate: number; }, any, TFieldValues>' is not assignable to type 'Resolver<{ name: string; type: "laborer" | "foreman"; rate: number; }, any, { name: string; type: "laborer" | "foreman"; rate: number; }>'.
        Type 'ResolverResult<{ name: string; type: "laborer" | "foreman"; rate: number; }, TFieldValues> | Promise<ResolverResult<{ name: string; type: "laborer" | "foreman"; rate: number; }, TFieldValues>>' is not assignable to type 'ResolverResult<{ name: string; type: "laborer" | "foreman"; rate: number; }, { name: string; type: "laborer" | "foreman"; rate: number; }> | Promise<ResolverResult<{ name: string; type: "laborer" | "foreman"; rate: number; }, { ...; }>>'.
          Type 'ResolverSuccess<TFieldValues>' is not assignable to type 'ResolverResult<{ name: string; type: "laborer" | "foreman"; rate: number; }, { name: string; type: "laborer" | "foreman"; rate: number; }> | Promise<ResolverResult<{ name: string; type: "laborer" | "foreman"; rate: number; }, { ...; }>>'.
            Type 'ResolverSuccess<TFieldValues>' is not assignable to type 'ResolverSuccess<{ name: string; type: "laborer" | "foreman"; rate: number; }>'.
              Type 'TFieldValues' is not assignable to type '{ name: string; type: "laborer" | "foreman"; rate: number; }'.
                Type 'FieldValues' is missing the following properties from type '{ name: string; type: "laborer" | "foreman"; rate: number; }': name, type, rate
components/material-stock-in-form.tsx(67,27): error TS2769: No overload matches this call.
  Overload 1 of 4, '(schema: Zod3Type<FormValues, FieldValues>, schemaOptions?: ParseParams | undefined, resolverOptions?: NonRawResolverOptions | undefined): Resolver<...>', gave the following error.
    Argument of type 'ZodType<FormValues, unknown, $ZodTypeInternals<FormValues, unknown>>' is not assignable to parameter of type 'Zod3Type<FormValues, FieldValues>'.
      Types of property '_input' are incompatible.
        Type 'unknown' is not assignable to type 'FieldValues'.
  Overload 2 of 4, '(schema: $ZodType<unknown, FieldValues, $ZodTypeInternals<unknown, FieldValues>>, schemaOptions?: ParseContext<$ZodIssue> | undefined, resolverOptions?: NonRawResolverOptions | undefined): Resolver<...>', gave the following error.
    Argument of type 'ZodType<FormValues, unknown, $ZodTypeInternals<FormValues, unknown>>' is not assignable to parameter of type '$ZodType<unknown, FieldValues, $ZodTypeInternals<unknown, FieldValues>>'.
      Types of property '_zod' are incompatible.
        Type '$ZodTypeInternals<FormValues, unknown>' is not assignable to type '$ZodTypeInternals<unknown, FieldValues>'.
          Type 'unknown' is not assignable to type 'FieldValues'.
components/material-stock-out-form.tsx(62,27): error TS2769: No overload matches this call.
  Overload 1 of 4, '(schema: Zod3Type<FormValues, FieldValues>, schemaOptions?: ParseParams | undefined, resolverOptions?: NonRawResolverOptions | undefined): Resolver<...>', gave the following error.
    Argument of type 'ZodType<FormValues, unknown, $ZodTypeInternals<FormValues, unknown>>' is not assignable to parameter of type 'Zod3Type<FormValues, FieldValues>'.
      Types of property '_input' are incompatible.
        Type 'unknown' is not assignable to type 'FieldValues'.
  Overload 2 of 4, '(schema: $ZodType<unknown, FieldValues, $ZodTypeInternals<unknown, FieldValues>>, schemaOptions?: ParseContext<$ZodIssue> | undefined, resolverOptions?: NonRawResolverOptions | undefined): Resolver<...>', gave the following error.
    Argument of type 'ZodType<FormValues, unknown, $ZodTypeInternals<FormValues, unknown>>' is not assignable to parameter of type '$ZodType<unknown, FieldValues, $ZodTypeInternals<unknown, FieldValues>>'.
      Types of property '_zod' are incompatible.
        Type '$ZodTypeInternals<FormValues, unknown>' is not assignable to type '$ZodTypeInternals<unknown, FieldValues>'.
          Type 'unknown' is not assignable to type 'FieldValues'.
components/quick-entry-form.tsx(33,18): error TS2353: Object literal may only specify known properties, and 'required_error' does not exist in type '{ error?: string | $ZodErrorMap<$ZodIssueInvalidType<unknown>> | undefined; message?: string | undefined; }'.
components/quick-entry-form.tsx(48,5): error TS2322: Type 'Resolver<{ project_id: string; date: Date; items: { entryType: "transaction" | "recordable"; type: "income" | "expense" | "asset" | "liability"; amount: unknown; description: string; ledger_id: string; payment_mode: "cash" | "bank"; }[]; request_message?: string | undefined; }, any, { ...; }>' is not assignable to type 'Resolver<{ project_id: string; date: Date; items: { entryType: "transaction" | "recordable"; type: "income" | "expense" | "asset" | "liability"; amount: number; description: string; ledger_id: string; payment_mode: "cash" | "bank"; }[]; request_message?: string | undefined; }, any, { ...; }>'.
  Types of parameters 'options' and 'options' are incompatible.
    Type 'ResolverOptions<{ project_id: string; date: Date; items: { entryType: "transaction" | "recordable"; type: "income" | "expense" | "asset" | "liability"; amount: number; description: string; ledger_id: string; payment_mode: "cash" | "bank"; }[]; request_message?: string | undefined; }>' is not assignable to type 'ResolverOptions<{ project_id: string; date: Date; items: { entryType: "transaction" | "recordable"; type: "income" | "expense" | "asset" | "liability"; amount: unknown; description: string; ledger_id: string; payment_mode: "cash" | "bank"; }[]; request_message?: string | undefined; }>'.
      Type '{ entryType: "transaction" | "recordable"; type: "income" | "expense" | "asset" | "liability"; amount: unknown; description: string; ledger_id: string; payment_mode: "cash" | "bank"; }[]' is not assignable to type '{ entryType: "transaction" | "recordable"; type: "income" | "expense" | "asset" | "liability"; amount: number; description: string; ledger_id: string; payment_mode: "cash" | "bank"; }[]'.
        Type '{ entryType: "transaction" | "recordable"; type: "income" | "expense" | "asset" | "liability"; amount: unknown; description: string; ledger_id: string; payment_mode: "cash" | "bank"; }' is not assignable to type '{ entryType: "transaction" | "recordable"; type: "income" | "expense" | "asset" | "liability"; amount: number; description: string; ledger_id: string; payment_mode: "cash" | "bank"; }'.
          Types of property 'amount' are incompatible.
            Type 'unknown' is not assignable to type 'number'.
components/quick-entry-form.tsx(114,41): error TS2345: Argument of type '(values: { project_id: string; date: Date; items: { entryType: "transaction" | "recordable"; type: "income" | "expense" | "asset" | "liability"; amount: number; description: string; ledger_id: string; payment_mode: "cash" | "bank"; }[]; request_message?: string | undefined; }) => Promise<...>' is not assignable to parameter of type 'SubmitHandler<TFieldValues>'.
  Types of parameters 'values' and 'data' are incompatible.
    Type 'TFieldValues' is not assignable to type '{ project_id: string; date: Date; items: { entryType: "transaction" | "recordable"; type: "income" | "expense" | "asset" | "liability"; amount: number; description: string; ledger_id: string; payment_mode: "cash" | "bank"; }[]; request_message?: string | undefined; }'.
      Type 'FieldValues' is missing the following properties from type '{ project_id: string; date: Date; items: { entryType: "transaction" | "recordable"; type: "income" | "expense" | "asset" | "liability"; amount: number; description: string; ledger_id: string; payment_mode: "cash" | "bank"; }[]; request_message?: string | undefined; }': project_id, date, items
components/quick-entry-form.tsx(118,15): error TS2322: Type 'Control<{ project_id: string; date: Date; items: { entryType: "transaction" | "recordable"; type: "income" | "expense" | "asset" | "liability"; amount: number; description: string; ledger_id: string; payment_mode: "cash" | "bank"; }[]; request_message?: string | undefined; }, any, TFieldValues>' is not assignable to type 'Control<{ project_id: string; date: Date; items: { entryType: "transaction" | "recordable"; type: "income" | "expense" | "asset" | "liability"; amount: number; description: string; ledger_id: string; payment_mode: "cash" | "bank"; }[]; request_message?: string | undefined; }, any, { ...; }>'.
  The types of '_options.resolver' are incompatible between these types.
    Type 'Resolver<{ project_id: string; date: Date; items: { entryType: "transaction" | "recordable"; type: "income" | "expense" | "asset" | "liability"; amount: number; description: string; ledger_id: string; payment_mode: "cash" | "bank"; }[]; request_message?: string | undefined; }, any, TFieldValues> | undefined' is not assignable to type 'Resolver<{ project_id: string; date: Date; items: { entryType: "transaction" | "recordable"; type: "income" | "expense" | "asset" | "liability"; amount: number; description: string; ledger_id: string; payment_mode: "cash" | "bank"; }[]; request_message?: string | undefined; }, any, { ...; }> | undefined'.
      Type 'Resolver<{ project_id: string; date: Date; items: { entryType: "transaction" | "recordable"; type: "income" | "expense" | "asset" | "liability"; amount: number; description: string; ledger_id: string; payment_mode: "cash" | "bank"; }[]; request_message?: string | undefined; }, any, TFieldValues>' is not assignable to type 'Resolver<{ project_id: string; date: Date; items: { entryType: "transaction" | "recordable"; type: "income" | "expense" | "asset" | "liability"; amount: number; description: string; ledger_id: string; payment_mode: "cash" | "bank"; }[]; request_message?: string | undefined; }, any, { ...; }>'.
        Type 'ResolverResult<{ project_id: string; date: Date; items: { entryType: "transaction" | "recordable"; type: "income" | "expense" | "asset" | "liability"; amount: number; description: string; ledger_id: string; payment_mode: "cash" | "bank"; }[]; request_message?: string | undefined; }, TFieldValues> | Promise<...>' is not assignable to type 'ResolverResult<{ project_id: string; date: Date; items: { entryType: "transaction" | "recordable"; type: "income" | "expense" | "asset" | "liability"; amount: number; description: string; ledger_id: string; payment_mode: "cash" | "bank"; }[]; request_message?: string | undefined; }, { ...; }> | Promise<...>'.
          Type 'ResolverSuccess<TFieldValues>' is not assignable to type 'ResolverResult<{ project_id: string; date: Date; items: { entryType: "transaction" | "recordable"; type: "income" | "expense" | "asset" | "liability"; amount: number; description: string; ledger_id: string; payment_mode: "cash" | "bank"; }[]; request_message?: string | undefined; }, { ...; }> | Promise<...>'.
            Type 'ResolverSuccess<TFieldValues>' is not assignable to type 'ResolverSuccess<{ project_id: string; date: Date; items: { entryType: "transaction" | "recordable"; type: "income" | "expense" | "asset" | "liability"; amount: number; description: string; ledger_id: string; payment_mode: "cash" | "bank"; }[]; request_message?: string | undefined; }>'.
              Type 'TFieldValues' is not assignable to type '{ project_id: string; date: Date; items: { entryType: "transaction" | "recordable"; type: "income" | "expense" | "asset" | "liability"; amount: number; description: string; ledger_id: string; payment_mode: "cash" | "bank"; }[]; request_message?: string | undefined; }'.
                Type 'FieldValues' is missing the following properties from type '{ project_id: string; date: Date; items: { entryType: "transaction" | "recordable"; type: "income" | "expense" | "asset" | "liability"; amount: number; description: string; ledger_id: string; payment_mode: "cash" | "bank"; }[]; request_message?: string | undefined; }': project_id, date, items
components/quick-entry-form.tsx(129,15): error TS2322: Type 'Control<{ project_id: string; date: Date; items: { entryType: "transaction" | "recordable"; type: "income" | "expense" | "asset" | "liability"; amount: number; description: string; ledger_id: string; payment_mode: "cash" | "bank"; }[]; request_message?: string | undefined; }, any, TFieldValues>' is not assignable to type 'Control<{ project_id: string; date: Date; items: { entryType: "transaction" | "recordable"; type: "income" | "expense" | "asset" | "liability"; amount: number; description: string; ledger_id: string; payment_mode: "cash" | "bank"; }[]; request_message?: string | undefined; }, any, { ...; }>'.
  The types of '_options.resolver' are incompatible between these types.
    Type 'Resolver<{ project_id: string; date: Date; items: { entryType: "transaction" | "recordable"; type: "income" | "expense" | "asset" | "liability"; amount: number; description: string; ledger_id: string; payment_mode: "cash" | "bank"; }[]; request_message?: string | undefined; }, any, TFieldValues> | undefined' is not assignable to type 'Resolver<{ project_id: string; date: Date; items: { entryType: "transaction" | "recordable"; type: "income" | "expense" | "asset" | "liability"; amount: number; description: string; ledger_id: string; payment_mode: "cash" | "bank"; }[]; request_message?: string | undefined; }, any, { ...; }> | undefined'.
      Type 'Resolver<{ project_id: string; date: Date; items: { entryType: "transaction" | "recordable"; type: "income" | "expense" | "asset" | "liability"; amount: number; description: string; ledger_id: string; payment_mode: "cash" | "bank"; }[]; request_message?: string | undefined; }, any, TFieldValues>' is not assignable to type 'Resolver<{ project_id: string; date: Date; items: { entryType: "transaction" | "recordable"; type: "income" | "expense" | "asset" | "liability"; amount: number; description: string; ledger_id: string; payment_mode: "cash" | "bank"; }[]; request_message?: string | undefined; }, any, { ...; }>'.
        Type 'ResolverResult<{ project_id: string; date: Date; items: { entryType: "transaction" | "recordable"; type: "income" | "expense" | "asset" | "liability"; amount: number; description: string; ledger_id: string; payment_mode: "cash" | "bank"; }[]; request_message?: string | undefined; }, TFieldValues> | Promise<...>' is not assignable to type 'ResolverResult<{ project_id: string; date: Date; items: { entryType: "transaction" | "recordable"; type: "income" | "expense" | "asset" | "liability"; amount: number; description: string; ledger_id: string; payment_mode: "cash" | "bank"; }[]; request_message?: string | undefined; }, { ...; }> | Promise<...>'.
          Type 'ResolverSuccess<TFieldValues>' is not assignable to type 'ResolverResult<{ project_id: string; date: Date; items: { entryType: "transaction" | "recordable"; type: "income" | "expense" | "asset" | "liability"; amount: number; description: string; ledger_id: string; payment_mode: "cash" | "bank"; }[]; request_message?: string | undefined; }, { ...; }> | Promise<...>'.
            Type 'ResolverSuccess<TFieldValues>' is not assignable to type 'ResolverSuccess<{ project_id: string; date: Date; items: { entryType: "transaction" | "recordable"; type: "income" | "expense" | "asset" | "liability"; amount: number; description: string; ledger_id: string; payment_mode: "cash" | "bank"; }[]; request_message?: string | undefined; }>'.
              Type 'TFieldValues' is not assignable to type '{ project_id: string; date: Date; items: { entryType: "transaction" | "recordable"; type: "income" | "expense" | "asset" | "liability"; amount: number; description: string; ledger_id: string; payment_mode: "cash" | "bank"; }[]; request_message?: string | undefined; }'.
                Type 'FieldValues' is missing the following properties from type '{ project_id: string; date: Date; items: { entryType: "transaction" | "recordable"; type: "income" | "expense" | "asset" | "liability"; amount: number; description: string; ledger_id: string; payment_mode: "cash" | "bank"; }[]; request_message?: string | undefined; }': project_id, date, items
components/quick-entry-form.tsx(155,15): error TS2322: Type 'Control<{ project_id: string; date: Date; items: { entryType: "transaction" | "recordable"; type: "income" | "expense" | "asset" | "liability"; amount: number; description: string; ledger_id: string; payment_mode: "cash" | "bank"; }[]; request_message?: string | undefined; }, any, TFieldValues>' is not assignable to type 'Control<{ project_id: string; date: Date; items: { entryType: "transaction" | "recordable"; type: "income" | "expense" | "asset" | "liability"; amount: number; description: string; ledger_id: string; payment_mode: "cash" | "bank"; }[]; request_message?: string | undefined; }, any, { ...; }>'.
  The types of '_options.resolver' are incompatible between these types.
    Type 'Resolver<{ project_id: string; date: Date; items: { entryType: "transaction" | "recordable"; type: "income" | "expense" | "asset" | "liability"; amount: number; description: string; ledger_id: string; payment_mode: "cash" | "bank"; }[]; request_message?: string | undefined; }, any, TFieldValues> | undefined' is not assignable to type 'Resolver<{ project_id: string; date: Date; items: { entryType: "transaction" | "recordable"; type: "income" | "expense" | "asset" | "liability"; amount: number; description: string; ledger_id: string; payment_mode: "cash" | "bank"; }[]; request_message?: string | undefined; }, any, { ...; }> | undefined'.
      Type 'Resolver<{ project_id: string; date: Date; items: { entryType: "transaction" | "recordable"; type: "income" | "expense" | "asset" | "liability"; amount: number; description: string; ledger_id: string; payment_mode: "cash" | "bank"; }[]; request_message?: string | undefined; }, any, TFieldValues>' is not assignable to type 'Resolver<{ project_id: string; date: Date; items: { entryType: "transaction" | "recordable"; type: "income" | "expense" | "asset" | "liability"; amount: number; description: string; ledger_id: string; payment_mode: "cash" | "bank"; }[]; request_message?: string | undefined; }, any, { ...; }>'.
        Type 'ResolverResult<{ project_id: string; date: Date; items: { entryType: "transaction" | "recordable"; type: "income" | "expense" | "asset" | "liability"; amount: number; description: string; ledger_id: string; payment_mode: "cash" | "bank"; }[]; request_message?: string | undefined; }, TFieldValues> | Promise<...>' is not assignable to type 'ResolverResult<{ project_id: string; date: Date; items: { entryType: "transaction" | "recordable"; type: "income" | "expense" | "asset" | "liability"; amount: number; description: string; ledger_id: string; payment_mode: "cash" | "bank"; }[]; request_message?: string | undefined; }, { ...; }> | Promise<...>'.
          Type 'ResolverSuccess<TFieldValues>' is not assignable to type 'ResolverResult<{ project_id: string; date: Date; items: { entryType: "transaction" | "recordable"; type: "income" | "expense" | "asset" | "liability"; amount: number; description: string; ledger_id: string; payment_mode: "cash" | "bank"; }[]; request_message?: string | undefined; }, { ...; }> | Promise<...>'.
            Type 'ResolverSuccess<TFieldValues>' is not assignable to type 'ResolverSuccess<{ project_id: string; date: Date; items: { entryType: "transaction" | "recordable"; type: "income" | "expense" | "asset" | "liability"; amount: number; description: string; ledger_id: string; payment_mode: "cash" | "bank"; }[]; request_message?: string | undefined; }>'.
              Type 'TFieldValues' is not assignable to type '{ project_id: string; date: Date; items: { entryType: "transaction" | "recordable"; type: "income" | "expense" | "asset" | "liability"; amount: number; description: string; ledger_id: string; payment_mode: "cash" | "bank"; }[]; request_message?: string | undefined; }'.
                Type 'FieldValues' is missing the following properties from type '{ project_id: string; date: Date; items: { entryType: "transaction" | "recordable"; type: "income" | "expense" | "asset" | "liability"; amount: number; description: string; ledger_id: string; payment_mode: "cash" | "bank"; }[]; request_message?: string | undefined; }': project_id, date, items
components/quick-entry-form.tsx(188,21): error TS2322: Type 'Control<{ project_id: string; date: Date; items: { entryType: "transaction" | "recordable"; type: "income" | "expense" | "asset" | "liability"; amount: number; description: string; ledger_id: string; payment_mode: "cash" | "bank"; }[]; request_message?: string | undefined; }, any, TFieldValues>' is not assignable to type 'Control<{ project_id: string; date: Date; items: { entryType: "transaction" | "recordable"; type: "income" | "expense" | "asset" | "liability"; amount: number; description: string; ledger_id: string; payment_mode: "cash" | "bank"; }[]; request_message?: string | undefined; }, any, { ...; }>'.
  The types of '_options.resolver' are incompatible between these types.
    Type 'Resolver<{ project_id: string; date: Date; items: { entryType: "transaction" | "recordable"; type: "income" | "expense" | "asset" | "liability"; amount: number; description: string; ledger_id: string; payment_mode: "cash" | "bank"; }[]; request_message?: string | undefined; }, any, TFieldValues> | undefined' is not assignable to type 'Resolver<{ project_id: string; date: Date; items: { entryType: "transaction" | "recordable"; type: "income" | "expense" | "asset" | "liability"; amount: number; description: string; ledger_id: string; payment_mode: "cash" | "bank"; }[]; request_message?: string | undefined; }, any, { ...; }> | undefined'.
      Type 'Resolver<{ project_id: string; date: Date; items: { entryType: "transaction" | "recordable"; type: "income" | "expense" | "asset" | "liability"; amount: number; description: string; ledger_id: string; payment_mode: "cash" | "bank"; }[]; request_message?: string | undefined; }, any, TFieldValues>' is not assignable to type 'Resolver<{ project_id: string; date: Date; items: { entryType: "transaction" | "recordable"; type: "income" | "expense" | "asset" | "liability"; amount: number; description: string; ledger_id: string; payment_mode: "cash" | "bank"; }[]; request_message?: string | undefined; }, any, { ...; }>'.
        Type 'ResolverResult<{ project_id: string; date: Date; items: { entryType: "transaction" | "recordable"; type: "income" | "expense" | "asset" | "liability"; amount: number; description: string; ledger_id: string; payment_mode: "cash" | "bank"; }[]; request_message?: string | undefined; }, TFieldValues> | Promise<...>' is not assignable to type 'ResolverResult<{ project_id: string; date: Date; items: { entryType: "transaction" | "recordable"; type: "income" | "expense" | "asset" | "liability"; amount: number; description: string; ledger_id: string; payment_mode: "cash" | "bank"; }[]; request_message?: string | undefined; }, { ...; }> | Promise<...>'.
          Type 'ResolverSuccess<TFieldValues>' is not assignable to type 'ResolverResult<{ project_id: string; date: Date; items: { entryType: "transaction" | "recordable"; type: "income" | "expense" | "asset" | "liability"; amount: number; description: string; ledger_id: string; payment_mode: "cash" | "bank"; }[]; request_message?: string | undefined; }, { ...; }> | Promise<...>'.
            Type 'ResolverSuccess<TFieldValues>' is not assignable to type 'ResolverSuccess<{ project_id: string; date: Date; items: { entryType: "transaction" | "recordable"; type: "income" | "expense" | "asset" | "liability"; amount: number; description: string; ledger_id: string; payment_mode: "cash" | "bank"; }[]; request_message?: string | undefined; }>'.
              Type 'TFieldValues' is not assignable to type '{ project_id: string; date: Date; items: { entryType: "transaction" | "recordable"; type: "income" | "expense" | "asset" | "liability"; amount: number; description: string; ledger_id: string; payment_mode: "cash" | "bank"; }[]; request_message?: string | undefined; }'.
                Type 'FieldValues' is missing the following properties from type '{ project_id: string; date: Date; items: { entryType: "transaction" | "recordable"; type: "income" | "expense" | "asset" | "liability"; amount: number; description: string; ledger_id: string; payment_mode: "cash" | "bank"; }[]; request_message?: string | undefined; }': project_id, date, items
components/quick-entry-form.tsx(211,21): error TS2322: Type 'Control<{ project_id: string; date: Date; items: { entryType: "transaction" | "recordable"; type: "income" | "expense" | "asset" | "liability"; amount: number; description: string; ledger_id: string; payment_mode: "cash" | "bank"; }[]; request_message?: string | undefined; }, any, TFieldValues>' is not assignable to type 'Control<{ project_id: string; date: Date; items: { entryType: "transaction" | "recordable"; type: "income" | "expense" | "asset" | "liability"; amount: number; description: string; ledger_id: string; payment_mode: "cash" | "bank"; }[]; request_message?: string | undefined; }, any, { ...; }>'.
  The types of '_options.resolver' are incompatible between these types.
    Type 'Resolver<{ project_id: string; date: Date; items: { entryType: "transaction" | "recordable"; type: "income" | "expense" | "asset" | "liability"; amount: number; description: string; ledger_id: string; payment_mode: "cash" | "bank"; }[]; request_message?: string | undefined; }, any, TFieldValues> | undefined' is not assignable to type 'Resolver<{ project_id: string; date: Date; items: { entryType: "transaction" | "recordable"; type: "income" | "expense" | "asset" | "liability"; amount: number; description: string; ledger_id: string; payment_mode: "cash" | "bank"; }[]; request_message?: string | undefined; }, any, { ...; }> | undefined'.
      Type 'Resolver<{ project_id: string; date: Date; items: { entryType: "transaction" | "recordable"; type: "income" | "expense" | "asset" | "liability"; amount: number; description: string; ledger_id: string; payment_mode: "cash" | "bank"; }[]; request_message?: string | undefined; }, any, TFieldValues>' is not assignable to type 'Resolver<{ project_id: string; date: Date; items: { entryType: "transaction" | "recordable"; type: "income" | "expense" | "asset" | "liability"; amount: number; description: string; ledger_id: string; payment_mode: "cash" | "bank"; }[]; request_message?: string | undefined; }, any, { ...; }>'.
        Type 'ResolverResult<{ project_id: string; date: Date; items: { entryType: "transaction" | "recordable"; type: "income" | "expense" | "asset" | "liability"; amount: number; description: string; ledger_id: string; payment_mode: "cash" | "bank"; }[]; request_message?: string | undefined; }, TFieldValues> | Promise<...>' is not assignable to type 'ResolverResult<{ project_id: string; date: Date; items: { entryType: "transaction" | "recordable"; type: "income" | "expense" | "asset" | "liability"; amount: number; description: string; ledger_id: string; payment_mode: "cash" | "bank"; }[]; request_message?: string | undefined; }, { ...; }> | Promise<...>'.
          Type 'ResolverSuccess<TFieldValues>' is not assignable to type 'ResolverResult<{ project_id: string; date: Date; items: { entryType: "transaction" | "recordable"; type: "income" | "expense" | "asset" | "liability"; amount: number; description: string; ledger_id: string; payment_mode: "cash" | "bank"; }[]; request_message?: string | undefined; }, { ...; }> | Promise<...>'.
            Type 'ResolverSuccess<TFieldValues>' is not assignable to type 'ResolverSuccess<{ project_id: string; date: Date; items: { entryType: "transaction" | "recordable"; type: "income" | "expense" | "asset" | "liability"; amount: number; description: string; ledger_id: string; payment_mode: "cash" | "bank"; }[]; request_message?: string | undefined; }>'.
              Type 'TFieldValues' is not assignable to type '{ project_id: string; date: Date; items: { entryType: "transaction" | "recordable"; type: "income" | "expense" | "asset" | "liability"; amount: number; description: string; ledger_id: string; payment_mode: "cash" | "bank"; }[]; request_message?: string | undefined; }'.
                Type 'FieldValues' is missing the following properties from type '{ project_id: string; date: Date; items: { entryType: "transaction" | "recordable"; type: "income" | "expense" | "asset" | "liability"; amount: number; description: string; ledger_id: string; payment_mode: "cash" | "bank"; }[]; request_message?: string | undefined; }': project_id, date, items
components/quick-entry-form.tsx(241,19): error TS2322: Type 'Control<{ project_id: string; date: Date; items: { entryType: "transaction" | "recordable"; type: "income" | "expense" | "asset" | "liability"; amount: number; description: string; ledger_id: string; payment_mode: "cash" | "bank"; }[]; request_message?: string | undefined; }, any, TFieldValues>' is not assignable to type 'Control<{ project_id: string; date: Date; items: { entryType: "transaction" | "recordable"; type: "income" | "expense" | "asset" | "liability"; amount: number; description: string; ledger_id: string; payment_mode: "cash" | "bank"; }[]; request_message?: string | undefined; }, any, { ...; }>'.
  The types of '_options.resolver' are incompatible between these types.
    Type 'Resolver<{ project_id: string; date: Date; items: { entryType: "transaction" | "recordable"; type: "income" | "expense" | "asset" | "liability"; amount: number; description: string; ledger_id: string; payment_mode: "cash" | "bank"; }[]; request_message?: string | undefined; }, any, TFieldValues> | undefined' is not assignable to type 'Resolver<{ project_id: string; date: Date; items: { entryType: "transaction" | "recordable"; type: "income" | "expense" | "asset" | "liability"; amount: number; description: string; ledger_id: string; payment_mode: "cash" | "bank"; }[]; request_message?: string | undefined; }, any, { ...; }> | undefined'.
      Type 'Resolver<{ project_id: string; date: Date; items: { entryType: "transaction" | "recordable"; type: "income" | "expense" | "asset" | "liability"; amount: number; description: string; ledger_id: string; payment_mode: "cash" | "bank"; }[]; request_message?: string | undefined; }, any, TFieldValues>' is not assignable to type 'Resolver<{ project_id: string; date: Date; items: { entryType: "transaction" | "recordable"; type: "income" | "expense" | "asset" | "liability"; amount: number; description: string; ledger_id: string; payment_mode: "cash" | "bank"; }[]; request_message?: string | undefined; }, any, { ...; }>'.
        Type 'ResolverResult<{ project_id: string; date: Date; items: { entryType: "transaction" | "recordable"; type: "income" | "expense" | "asset" | "liability"; amount: number; description: string; ledger_id: string; payment_mode: "cash" | "bank"; }[]; request_message?: string | undefined; }, TFieldValues> | Promise<...>' is not assignable to type 'ResolverResult<{ project_id: string; date: Date; items: { entryType: "transaction" | "recordable"; type: "income" | "expense" | "asset" | "liability"; amount: number; description: string; ledger_id: string; payment_mode: "cash" | "bank"; }[]; request_message?: string | undefined; }, { ...; }> | Promise<...>'.
          Type 'ResolverSuccess<TFieldValues>' is not assignable to type 'ResolverResult<{ project_id: string; date: Date; items: { entryType: "transaction" | "recordable"; type: "income" | "expense" | "asset" | "liability"; amount: number; description: string; ledger_id: string; payment_mode: "cash" | "bank"; }[]; request_message?: string | undefined; }, { ...; }> | Promise<...>'.
            Type 'ResolverSuccess<TFieldValues>' is not assignable to type 'ResolverSuccess<{ project_id: string; date: Date; items: { entryType: "transaction" | "recordable"; type: "income" | "expense" | "asset" | "liability"; amount: number; description: string; ledger_id: string; payment_mode: "cash" | "bank"; }[]; request_message?: string | undefined; }>'.
              Type 'TFieldValues' is not assignable to type '{ project_id: string; date: Date; items: { entryType: "transaction" | "recordable"; type: "income" | "expense" | "asset" | "liability"; amount: number; description: string; ledger_id: string; payment_mode: "cash" | "bank"; }[]; request_message?: string | undefined; }'.
                Type 'FieldValues' is missing the following properties from type '{ project_id: string; date: Date; items: { entryType: "transaction" | "recordable"; type: "income" | "expense" | "asset" | "liability"; amount: number; description: string; ledger_id: string; payment_mode: "cash" | "bank"; }[]; request_message?: string | undefined; }': project_id, date, items
components/quick-entry-form.tsx(254,21): error TS2322: Type 'Control<{ project_id: string; date: Date; items: { entryType: "transaction" | "recordable"; type: "income" | "expense" | "asset" | "liability"; amount: number; description: string; ledger_id: string; payment_mode: "cash" | "bank"; }[]; request_message?: string | undefined; }, any, TFieldValues>' is not assignable to type 'Control<{ project_id: string; date: Date; items: { entryType: "transaction" | "recordable"; type: "income" | "expense" | "asset" | "liability"; amount: number; description: string; ledger_id: string; payment_mode: "cash" | "bank"; }[]; request_message?: string | undefined; }, any, { ...; }>'.
  The types of '_options.resolver' are incompatible between these types.
    Type 'Resolver<{ project_id: string; date: Date; items: { entryType: "transaction" | "recordable"; type: "income" | "expense" | "asset" | "liability"; amount: number; description: string; ledger_id: string; payment_mode: "cash" | "bank"; }[]; request_message?: string | undefined; }, any, TFieldValues> | undefined' is not assignable to type 'Resolver<{ project_id: string; date: Date; items: { entryType: "transaction" | "recordable"; type: "income" | "expense" | "asset" | "liability"; amount: number; description: string; ledger_id: string; payment_mode: "cash" | "bank"; }[]; request_message?: string | undefined; }, any, { ...; }> | undefined'.
      Type 'Resolver<{ project_id: string; date: Date; items: { entryType: "transaction" | "recordable"; type: "income" | "expense" | "asset" | "liability"; amount: number; description: string; ledger_id: string; payment_mode: "cash" | "bank"; }[]; request_message?: string | undefined; }, any, TFieldValues>' is not assignable to type 'Resolver<{ project_id: string; date: Date; items: { entryType: "transaction" | "recordable"; type: "income" | "expense" | "asset" | "liability"; amount: number; description: string; ledger_id: string; payment_mode: "cash" | "bank"; }[]; request_message?: string | undefined; }, any, { ...; }>'.
        Type 'ResolverResult<{ project_id: string; date: Date; items: { entryType: "transaction" | "recordable"; type: "income" | "expense" | "asset" | "liability"; amount: number; description: string; ledger_id: string; payment_mode: "cash" | "bank"; }[]; request_message?: string | undefined; }, TFieldValues> | Promise<...>' is not assignable to type 'ResolverResult<{ project_id: string; date: Date; items: { entryType: "transaction" | "recordable"; type: "income" | "expense" | "asset" | "liability"; amount: number; description: string; ledger_id: string; payment_mode: "cash" | "bank"; }[]; request_message?: string | undefined; }, { ...; }> | Promise<...>'.
          Type 'ResolverSuccess<TFieldValues>' is not assignable to type 'ResolverResult<{ project_id: string; date: Date; items: { entryType: "transaction" | "recordable"; type: "income" | "expense" | "asset" | "liability"; amount: number; description: string; ledger_id: string; payment_mode: "cash" | "bank"; }[]; request_message?: string | undefined; }, { ...; }> | Promise<...>'.
            Type 'ResolverSuccess<TFieldValues>' is not assignable to type 'ResolverSuccess<{ project_id: string; date: Date; items: { entryType: "transaction" | "recordable"; type: "income" | "expense" | "asset" | "liability"; amount: number; description: string; ledger_id: string; payment_mode: "cash" | "bank"; }[]; request_message?: string | undefined; }>'.
              Type 'TFieldValues' is not assignable to type '{ project_id: string; date: Date; items: { entryType: "transaction" | "recordable"; type: "income" | "expense" | "asset" | "liability"; amount: number; description: string; ledger_id: string; payment_mode: "cash" | "bank"; }[]; request_message?: string | undefined; }'.
                Type 'FieldValues' is missing the following properties from type '{ project_id: string; date: Date; items: { entryType: "transaction" | "recordable"; type: "income" | "expense" | "asset" | "liability"; amount: number; description: string; ledger_id: string; payment_mode: "cash" | "bank"; }[]; request_message?: string | undefined; }': project_id, date, items
components/quick-entry-form.tsx(267,21): error TS2322: Type 'Control<{ project_id: string; date: Date; items: { entryType: "transaction" | "recordable"; type: "income" | "expense" | "asset" | "liability"; amount: number; description: string; ledger_id: string; payment_mode: "cash" | "bank"; }[]; request_message?: string | undefined; }, any, TFieldValues>' is not assignable to type 'Control<{ project_id: string; date: Date; items: { entryType: "transaction" | "recordable"; type: "income" | "expense" | "asset" | "liability"; amount: number; description: string; ledger_id: string; payment_mode: "cash" | "bank"; }[]; request_message?: string | undefined; }, any, { ...; }>'.
  The types of '_options.resolver' are incompatible between these types.
    Type 'Resolver<{ project_id: string; date: Date; items: { entryType: "transaction" | "recordable"; type: "income" | "expense" | "asset" | "liability"; amount: number; description: string; ledger_id: string; payment_mode: "cash" | "bank"; }[]; request_message?: string | undefined; }, any, TFieldValues> | undefined' is not assignable to type 'Resolver<{ project_id: string; date: Date; items: { entryType: "transaction" | "recordable"; type: "income" | "expense" | "asset" | "liability"; amount: number; description: string; ledger_id: string; payment_mode: "cash" | "bank"; }[]; request_message?: string | undefined; }, any, { ...; }> | undefined'.
      Type 'Resolver<{ project_id: string; date: Date; items: { entryType: "transaction" | "recordable"; type: "income" | "expense" | "asset" | "liability"; amount: number; description: string; ledger_id: string; payment_mode: "cash" | "bank"; }[]; request_message?: string | undefined; }, any, TFieldValues>' is not assignable to type 'Resolver<{ project_id: string; date: Date; items: { entryType: "transaction" | "recordable"; type: "income" | "expense" | "asset" | "liability"; amount: number; description: string; ledger_id: string; payment_mode: "cash" | "bank"; }[]; request_message?: string | undefined; }, any, { ...; }>'.
        Type 'ResolverResult<{ project_id: string; date: Date; items: { entryType: "transaction" | "recordable"; type: "income" | "expense" | "asset" | "liability"; amount: number; description: string; ledger_id: string; payment_mode: "cash" | "bank"; }[]; request_message?: string | undefined; }, TFieldValues> | Promise<...>' is not assignable to type 'ResolverResult<{ project_id: string; date: Date; items: { entryType: "transaction" | "recordable"; type: "income" | "expense" | "asset" | "liability"; amount: number; description: string; ledger_id: string; payment_mode: "cash" | "bank"; }[]; request_message?: string | undefined; }, { ...; }> | Promise<...>'.
          Type 'ResolverSuccess<TFieldValues>' is not assignable to type 'ResolverResult<{ project_id: string; date: Date; items: { entryType: "transaction" | "recordable"; type: "income" | "expense" | "asset" | "liability"; amount: number; description: string; ledger_id: string; payment_mode: "cash" | "bank"; }[]; request_message?: string | undefined; }, { ...; }> | Promise<...>'.
            Type 'ResolverSuccess<TFieldValues>' is not assignable to type 'ResolverSuccess<{ project_id: string; date: Date; items: { entryType: "transaction" | "recordable"; type: "income" | "expense" | "asset" | "liability"; amount: number; description: string; ledger_id: string; payment_mode: "cash" | "bank"; }[]; request_message?: string | undefined; }>'.
              Type 'TFieldValues' is not assignable to type '{ project_id: string; date: Date; items: { entryType: "transaction" | "recordable"; type: "income" | "expense" | "asset" | "liability"; amount: number; description: string; ledger_id: string; payment_mode: "cash" | "bank"; }[]; request_message?: string | undefined; }'.
                Type 'FieldValues' is missing the following properties from type '{ project_id: string; date: Date; items: { entryType: "transaction" | "recordable"; type: "income" | "expense" | "asset" | "liability"; amount: number; description: string; ledger_id: string; payment_mode: "cash" | "bank"; }[]; request_message?: string | undefined; }': project_id, date, items
components/quick-entry-form.tsx(288,19): error TS2322: Type 'Control<{ project_id: string; date: Date; items: { entryType: "transaction" | "recordable"; type: "income" | "expense" | "asset" | "liability"; amount: number; description: string; ledger_id: string; payment_mode: "cash" | "bank"; }[]; request_message?: string | undefined; }, any, TFieldValues>' is not assignable to type 'Control<{ project_id: string; date: Date; items: { entryType: "transaction" | "recordable"; type: "income" | "expense" | "asset" | "liability"; amount: number; description: string; ledger_id: string; payment_mode: "cash" | "bank"; }[]; request_message?: string | undefined; }, any, { ...; }>'.
  The types of '_options.resolver' are incompatible between these types.
    Type 'Resolver<{ project_id: string; date: Date; items: { entryType: "transaction" | "recordable"; type: "income" | "expense" | "asset" | "liability"; amount: number; description: string; ledger_id: string; payment_mode: "cash" | "bank"; }[]; request_message?: string | undefined; }, any, TFieldValues> | undefined' is not assignable to type 'Resolver<{ project_id: string; date: Date; items: { entryType: "transaction" | "recordable"; type: "income" | "expense" | "asset" | "liability"; amount: number; description: string; ledger_id: string; payment_mode: "cash" | "bank"; }[]; request_message?: string | undefined; }, any, { ...; }> | undefined'.
      Type 'Resolver<{ project_id: string; date: Date; items: { entryType: "transaction" | "recordable"; type: "income" | "expense" | "asset" | "liability"; amount: number; description: string; ledger_id: string; payment_mode: "cash" | "bank"; }[]; request_message?: string | undefined; }, any, TFieldValues>' is not assignable to type 'Resolver<{ project_id: string; date: Date; items: { entryType: "transaction" | "recordable"; type: "income" | "expense" | "asset" | "liability"; amount: number; description: string; ledger_id: string; payment_mode: "cash" | "bank"; }[]; request_message?: string | undefined; }, any, { ...; }>'.
        Type 'ResolverResult<{ project_id: string; date: Date; items: { entryType: "transaction" | "recordable"; type: "income" | "expense" | "asset" | "liability"; amount: number; description: string; ledger_id: string; payment_mode: "cash" | "bank"; }[]; request_message?: string | undefined; }, TFieldValues> | Promise<...>' is not assignable to type 'ResolverResult<{ project_id: string; date: Date; items: { entryType: "transaction" | "recordable"; type: "income" | "expense" | "asset" | "liability"; amount: number; description: string; ledger_id: string; payment_mode: "cash" | "bank"; }[]; request_message?: string | undefined; }, { ...; }> | Promise<...>'.
          Type 'ResolverSuccess<TFieldValues>' is not assignable to type 'ResolverResult<{ project_id: string; date: Date; items: { entryType: "transaction" | "recordable"; type: "income" | "expense" | "asset" | "liability"; amount: number; description: string; ledger_id: string; payment_mode: "cash" | "bank"; }[]; request_message?: string | undefined; }, { ...; }> | Promise<...>'.
            Type 'ResolverSuccess<TFieldValues>' is not assignable to type 'ResolverSuccess<{ project_id: string; date: Date; items: { entryType: "transaction" | "recordable"; type: "income" | "expense" | "asset" | "liability"; amount: number; description: string; ledger_id: string; payment_mode: "cash" | "bank"; }[]; request_message?: string | undefined; }>'.
              Type 'TFieldValues' is not assignable to type '{ project_id: string; date: Date; items: { entryType: "transaction" | "recordable"; type: "income" | "expense" | "asset" | "liability"; amount: number; description: string; ledger_id: string; payment_mode: "cash" | "bank"; }[]; request_message?: string | undefined; }'.
                Type 'FieldValues' is missing the following properties from type '{ project_id: string; date: Date; items: { entryType: "transaction" | "recordable"; type: "income" | "expense" | "asset" | "liability"; amount: number; description: string; ledger_id: string; payment_mode: "cash" | "bank"; }[]; request_message?: string | undefined; }': project_id, date, items
components/record-form.tsx(72,5): error TS2322: Type 'Resolver<{ type: "asset" | "liability"; amount: unknown; description: string; due_date: Date; project_id: string; ledger_id: string; payment_mode: "cash" | "bank"; bill_url?: string | undefined; request_message?: string | undefined; }, any, { ...; }>' is not assignable to type 'Resolver<{ type: "asset" | "liability"; amount: number; description: string; due_date: Date; project_id: string; ledger_id: string; payment_mode: "cash" | "bank"; bill_url?: string | undefined; request_message?: string | undefined; }, any, { ...; }>'.
  Types of parameters 'options' and 'options' are incompatible.
    Type 'ResolverOptions<{ type: "asset" | "liability"; amount: number; description: string; due_date: Date; project_id: string; ledger_id: string; payment_mode: "cash" | "bank"; bill_url?: string | undefined; request_message?: string | undefined; }>' is not assignable to type 'ResolverOptions<{ type: "asset" | "liability"; amount: unknown; description: string; due_date: Date; project_id: string; ledger_id: string; payment_mode: "cash" | "bank"; bill_url?: string | undefined; request_message?: string | undefined; }>'.
      Type 'unknown' is not assignable to type 'number'.
components/record-form.tsx(189,43): error TS2345: Argument of type '(values: { type: "asset" | "liability"; amount: number; description: string; due_date: Date; project_id: string; ledger_id: string; payment_mode: "cash" | "bank"; bill_url?: string | undefined; request_message?: string | undefined; }) => Promise<...>' is not assignable to parameter of type 'SubmitHandler<TFieldValues>'.
  Types of parameters 'values' and 'data' are incompatible.
    Type 'TFieldValues' is not assignable to type '{ type: "asset" | "liability"; amount: number; description: string; due_date: Date; project_id: string; ledger_id: string; payment_mode: "cash" | "bank"; bill_url?: string | undefined; request_message?: string | undefined; }'.
      Type 'FieldValues' is missing the following properties from type '{ type: "asset" | "liability"; amount: number; description: string; due_date: Date; project_id: string; ledger_id: string; payment_mode: "cash" | "bank"; bill_url?: string | undefined; request_message?: string | undefined; }': type, amount, description, due_date, and 3 more.
components/record-form.tsx(194,19): error TS2322: Type 'Control<{ type: "asset" | "liability"; amount: number; description: string; due_date: Date; project_id: string; ledger_id: string; payment_mode: "cash" | "bank"; bill_url?: string | undefined; request_message?: string | undefined; }, any, TFieldValues>' is not assignable to type 'Control<{ type: "asset" | "liability"; amount: number; description: string; due_date: Date; project_id: string; ledger_id: string; payment_mode: "cash" | "bank"; bill_url?: string | undefined; request_message?: string | undefined; }, any, { ...; }>'.
  The types of '_options.resolver' are incompatible between these types.
    Type 'Resolver<{ type: "asset" | "liability"; amount: number; description: string; due_date: Date; project_id: string; ledger_id: string; payment_mode: "cash" | "bank"; bill_url?: string | undefined; request_message?: string | undefined; }, any, TFieldValues> | undefined' is not assignable to type 'Resolver<{ type: "asset" | "liability"; amount: number; description: string; due_date: Date; project_id: string; ledger_id: string; payment_mode: "cash" | "bank"; bill_url?: string | undefined; request_message?: string | undefined; }, any, { ...; }> | undefined'.
      Type 'Resolver<{ type: "asset" | "liability"; amount: number; description: string; due_date: Date; project_id: string; ledger_id: string; payment_mode: "cash" | "bank"; bill_url?: string | undefined; request_message?: string | undefined; }, any, TFieldValues>' is not assignable to type 'Resolver<{ type: "asset" | "liability"; amount: number; description: string; due_date: Date; project_id: string; ledger_id: string; payment_mode: "cash" | "bank"; bill_url?: string | undefined; request_message?: string | undefined; }, any, { ...; }>'.
        Type 'ResolverResult<{ type: "asset" | "liability"; amount: number; description: string; due_date: Date; project_id: string; ledger_id: string; payment_mode: "cash" | "bank"; bill_url?: string | undefined; request_message?: string | undefined; }, TFieldValues> | Promise<...>' is not assignable to type 'ResolverResult<{ type: "asset" | "liability"; amount: number; description: string; due_date: Date; project_id: string; ledger_id: string; payment_mode: "cash" | "bank"; bill_url?: string | undefined; request_message?: string | undefined; }, { ...; }> | Promise<...>'.
          Type 'ResolverSuccess<TFieldValues>' is not assignable to type 'ResolverResult<{ type: "asset" | "liability"; amount: number; description: string; due_date: Date; project_id: string; ledger_id: string; payment_mode: "cash" | "bank"; bill_url?: string | undefined; request_message?: string | undefined; }, { ...; }> | Promise<...>'.
            Type 'ResolverSuccess<TFieldValues>' is not assignable to type 'ResolverSuccess<{ type: "asset" | "liability"; amount: number; description: string; due_date: Date; project_id: string; ledger_id: string; payment_mode: "cash" | "bank"; bill_url?: string | undefined; request_message?: string | undefined; }>'.
              Type 'TFieldValues' is not assignable to type '{ type: "asset" | "liability"; amount: number; description: string; due_date: Date; project_id: string; ledger_id: string; payment_mode: "cash" | "bank"; bill_url?: string | undefined; request_message?: string | undefined; }'.
                Type 'FieldValues' is missing the following properties from type '{ type: "asset" | "liability"; amount: number; description: string; due_date: Date; project_id: string; ledger_id: string; payment_mode: "cash" | "bank"; bill_url?: string | undefined; request_message?: string | undefined; }': type, amount, description, due_date, and 3 more.
components/record-form.tsx(215,19): error TS2322: Type 'Control<{ type: "asset" | "liability"; amount: number; description: string; due_date: Date; project_id: string; ledger_id: string; payment_mode: "cash" | "bank"; bill_url?: string | undefined; request_message?: string | undefined; }, any, TFieldValues>' is not assignable to type 'Control<{ type: "asset" | "liability"; amount: number; description: string; due_date: Date; project_id: string; ledger_id: string; payment_mode: "cash" | "bank"; bill_url?: string | undefined; request_message?: string | undefined; }, any, { ...; }>'.
  The types of '_options.resolver' are incompatible between these types.
    Type 'Resolver<{ type: "asset" | "liability"; amount: number; description: string; due_date: Date; project_id: string; ledger_id: string; payment_mode: "cash" | "bank"; bill_url?: string | undefined; request_message?: string | undefined; }, any, TFieldValues> | undefined' is not assignable to type 'Resolver<{ type: "asset" | "liability"; amount: number; description: string; due_date: Date; project_id: string; ledger_id: string; payment_mode: "cash" | "bank"; bill_url?: string | undefined; request_message?: string | undefined; }, any, { ...; }> | undefined'.
      Type 'Resolver<{ type: "asset" | "liability"; amount: number; description: string; due_date: Date; project_id: string; ledger_id: string; payment_mode: "cash" | "bank"; bill_url?: string | undefined; request_message?: string | undefined; }, any, TFieldValues>' is not assignable to type 'Resolver<{ type: "asset" | "liability"; amount: number; description: string; due_date: Date; project_id: string; ledger_id: string; payment_mode: "cash" | "bank"; bill_url?: string | undefined; request_message?: string | undefined; }, any, { ...; }>'.
        Type 'ResolverResult<{ type: "asset" | "liability"; amount: number; description: string; due_date: Date; project_id: string; ledger_id: string; payment_mode: "cash" | "bank"; bill_url?: string | undefined; request_message?: string | undefined; }, TFieldValues> | Promise<...>' is not assignable to type 'ResolverResult<{ type: "asset" | "liability"; amount: number; description: string; due_date: Date; project_id: string; ledger_id: string; payment_mode: "cash" | "bank"; bill_url?: string | undefined; request_message?: string | undefined; }, { ...; }> | Promise<...>'.
          Type 'ResolverSuccess<TFieldValues>' is not assignable to type 'ResolverResult<{ type: "asset" | "liability"; amount: number; description: string; due_date: Date; project_id: string; ledger_id: string; payment_mode: "cash" | "bank"; bill_url?: string | undefined; request_message?: string | undefined; }, { ...; }> | Promise<...>'.
            Type 'ResolverSuccess<TFieldValues>' is not assignable to type 'ResolverSuccess<{ type: "asset" | "liability"; amount: number; description: string; due_date: Date; project_id: string; ledger_id: string; payment_mode: "cash" | "bank"; bill_url?: string | undefined; request_message?: string | undefined; }>'.
              Type 'TFieldValues' is not assignable to type '{ type: "asset" | "liability"; amount: number; description: string; due_date: Date; project_id: string; ledger_id: string; payment_mode: "cash" | "bank"; bill_url?: string | undefined; request_message?: string | undefined; }'.
                Type 'FieldValues' is missing the following properties from type '{ type: "asset" | "liability"; amount: number; description: string; due_date: Date; project_id: string; ledger_id: string; payment_mode: "cash" | "bank"; bill_url?: string | undefined; request_message?: string | undefined; }': type, amount, description, due_date, and 3 more.
components/record-form.tsx(237,17): error TS2322: Type 'Control<{ type: "asset" | "liability"; amount: number; description: string; due_date: Date; project_id: string; ledger_id: string; payment_mode: "cash" | "bank"; bill_url?: string | undefined; request_message?: string | undefined; }, any, TFieldValues>' is not assignable to type 'Control<{ type: "asset" | "liability"; amount: number; description: string; due_date: Date; project_id: string; ledger_id: string; payment_mode: "cash" | "bank"; bill_url?: string | undefined; request_message?: string | undefined; }, any, { ...; }>'.
  The types of '_options.resolver' are incompatible between these types.
    Type 'Resolver<{ type: "asset" | "liability"; amount: number; description: string; due_date: Date; project_id: string; ledger_id: string; payment_mode: "cash" | "bank"; bill_url?: string | undefined; request_message?: string | undefined; }, any, TFieldValues> | undefined' is not assignable to type 'Resolver<{ type: "asset" | "liability"; amount: number; description: string; due_date: Date; project_id: string; ledger_id: string; payment_mode: "cash" | "bank"; bill_url?: string | undefined; request_message?: string | undefined; }, any, { ...; }> | undefined'.
      Type 'Resolver<{ type: "asset" | "liability"; amount: number; description: string; due_date: Date; project_id: string; ledger_id: string; payment_mode: "cash" | "bank"; bill_url?: string | undefined; request_message?: string | undefined; }, any, TFieldValues>' is not assignable to type 'Resolver<{ type: "asset" | "liability"; amount: number; description: string; due_date: Date; project_id: string; ledger_id: string; payment_mode: "cash" | "bank"; bill_url?: string | undefined; request_message?: string | undefined; }, any, { ...; }>'.
        Type 'ResolverResult<{ type: "asset" | "liability"; amount: number; description: string; due_date: Date; project_id: string; ledger_id: string; payment_mode: "cash" | "bank"; bill_url?: string | undefined; request_message?: string | undefined; }, TFieldValues> | Promise<...>' is not assignable to type 'ResolverResult<{ type: "asset" | "liability"; amount: number; description: string; due_date: Date; project_id: string; ledger_id: string; payment_mode: "cash" | "bank"; bill_url?: string | undefined; request_message?: string | undefined; }, { ...; }> | Promise<...>'.
          Type 'ResolverSuccess<TFieldValues>' is not assignable to type 'ResolverResult<{ type: "asset" | "liability"; amount: number; description: string; due_date: Date; project_id: string; ledger_id: string; payment_mode: "cash" | "bank"; bill_url?: string | undefined; request_message?: string | undefined; }, { ...; }> | Promise<...>'.
            Type 'ResolverSuccess<TFieldValues>' is not assignable to type 'ResolverSuccess<{ type: "asset" | "liability"; amount: number; description: string; due_date: Date; project_id: string; ledger_id: string; payment_mode: "cash" | "bank"; bill_url?: string | undefined; request_message?: string | undefined; }>'.
              Type 'TFieldValues' is not assignable to type '{ type: "asset" | "liability"; amount: number; description: string; due_date: Date; project_id: string; ledger_id: string; payment_mode: "cash" | "bank"; bill_url?: string | undefined; request_message?: string | undefined; }'.
                Type 'FieldValues' is missing the following properties from type '{ type: "asset" | "liability"; amount: number; description: string; due_date: Date; project_id: string; ledger_id: string; payment_mode: "cash" | "bank"; bill_url?: string | undefined; request_message?: string | undefined; }': type, amount, description, due_date, and 3 more.
components/record-form.tsx(250,17): error TS2322: Type 'Control<{ type: "asset" | "liability"; amount: number; description: string; due_date: Date; project_id: string; ledger_id: string; payment_mode: "cash" | "bank"; bill_url?: string | undefined; request_message?: string | undefined; }, any, TFieldValues>' is not assignable to type 'Control<{ type: "asset" | "liability"; amount: number; description: string; due_date: Date; project_id: string; ledger_id: string; payment_mode: "cash" | "bank"; bill_url?: string | undefined; request_message?: string | undefined; }, any, { ...; }>'.
  The types of '_options.resolver' are incompatible between these types.
    Type 'Resolver<{ type: "asset" | "liability"; amount: number; description: string; due_date: Date; project_id: string; ledger_id: string; payment_mode: "cash" | "bank"; bill_url?: string | undefined; request_message?: string | undefined; }, any, TFieldValues> | undefined' is not assignable to type 'Resolver<{ type: "asset" | "liability"; amount: number; description: string; due_date: Date; project_id: string; ledger_id: string; payment_mode: "cash" | "bank"; bill_url?: string | undefined; request_message?: string | undefined; }, any, { ...; }> | undefined'.
      Type 'Resolver<{ type: "asset" | "liability"; amount: number; description: string; due_date: Date; project_id: string; ledger_id: string; payment_mode: "cash" | "bank"; bill_url?: string | undefined; request_message?: string | undefined; }, any, TFieldValues>' is not assignable to type 'Resolver<{ type: "asset" | "liability"; amount: number; description: string; due_date: Date; project_id: string; ledger_id: string; payment_mode: "cash" | "bank"; bill_url?: string | undefined; request_message?: string | undefined; }, any, { ...; }>'.
        Type 'ResolverResult<{ type: "asset" | "liability"; amount: number; description: string; due_date: Date; project_id: string; ledger_id: string; payment_mode: "cash" | "bank"; bill_url?: string | undefined; request_message?: string | undefined; }, TFieldValues> | Promise<...>' is not assignable to type 'ResolverResult<{ type: "asset" | "liability"; amount: number; description: string; due_date: Date; project_id: string; ledger_id: string; payment_mode: "cash" | "bank"; bill_url?: string | undefined; request_message?: string | undefined; }, { ...; }> | Promise<...>'.
          Type 'ResolverSuccess<TFieldValues>' is not assignable to type 'ResolverResult<{ type: "asset" | "liability"; amount: number; description: string; due_date: Date; project_id: string; ledger_id: string; payment_mode: "cash" | "bank"; bill_url?: string | undefined; request_message?: string | undefined; }, { ...; }> | Promise<...>'.
            Type 'ResolverSuccess<TFieldValues>' is not assignable to type 'ResolverSuccess<{ type: "asset" | "liability"; amount: number; description: string; due_date: Date; project_id: string; ledger_id: string; payment_mode: "cash" | "bank"; bill_url?: string | undefined; request_message?: string | undefined; }>'.
              Type 'TFieldValues' is not assignable to type '{ type: "asset" | "liability"; amount: number; description: string; due_date: Date; project_id: string; ledger_id: string; payment_mode: "cash" | "bank"; bill_url?: string | undefined; request_message?: string | undefined; }'.
                Type 'FieldValues' is missing the following properties from type '{ type: "asset" | "liability"; amount: number; description: string; due_date: Date; project_id: string; ledger_id: string; payment_mode: "cash" | "bank"; bill_url?: string | undefined; request_message?: string | undefined; }': type, amount, description, due_date, and 3 more.
components/record-form.tsx(272,17): error TS2322: Type 'Control<{ type: "asset" | "liability"; amount: number; description: string; due_date: Date; project_id: string; ledger_id: string; payment_mode: "cash" | "bank"; bill_url?: string | undefined; request_message?: string | undefined; }, any, TFieldValues>' is not assignable to type 'Control<{ type: "asset" | "liability"; amount: number; description: string; due_date: Date; project_id: string; ledger_id: string; payment_mode: "cash" | "bank"; bill_url?: string | undefined; request_message?: string | undefined; }, any, { ...; }>'.
  The types of '_options.resolver' are incompatible between these types.
    Type 'Resolver<{ type: "asset" | "liability"; amount: number; description: string; due_date: Date; project_id: string; ledger_id: string; payment_mode: "cash" | "bank"; bill_url?: string | undefined; request_message?: string | undefined; }, any, TFieldValues> | undefined' is not assignable to type 'Resolver<{ type: "asset" | "liability"; amount: number; description: string; due_date: Date; project_id: string; ledger_id: string; payment_mode: "cash" | "bank"; bill_url?: string | undefined; request_message?: string | undefined; }, any, { ...; }> | undefined'.
      Type 'Resolver<{ type: "asset" | "liability"; amount: number; description: string; due_date: Date; project_id: string; ledger_id: string; payment_mode: "cash" | "bank"; bill_url?: string | undefined; request_message?: string | undefined; }, any, TFieldValues>' is not assignable to type 'Resolver<{ type: "asset" | "liability"; amount: number; description: string; due_date: Date; project_id: string; ledger_id: string; payment_mode: "cash" | "bank"; bill_url?: string | undefined; request_message?: string | undefined; }, any, { ...; }>'.
        Type 'ResolverResult<{ type: "asset" | "liability"; amount: number; description: string; due_date: Date; project_id: string; ledger_id: string; payment_mode: "cash" | "bank"; bill_url?: string | undefined; request_message?: string | undefined; }, TFieldValues> | Promise<...>' is not assignable to type 'ResolverResult<{ type: "asset" | "liability"; amount: number; description: string; due_date: Date; project_id: string; ledger_id: string; payment_mode: "cash" | "bank"; bill_url?: string | undefined; request_message?: string | undefined; }, { ...; }> | Promise<...>'.
          Type 'ResolverSuccess<TFieldValues>' is not assignable to type 'ResolverResult<{ type: "asset" | "liability"; amount: number; description: string; due_date: Date; project_id: string; ledger_id: string; payment_mode: "cash" | "bank"; bill_url?: string | undefined; request_message?: string | undefined; }, { ...; }> | Promise<...>'.
            Type 'ResolverSuccess<TFieldValues>' is not assignable to type 'ResolverSuccess<{ type: "asset" | "liability"; amount: number; description: string; due_date: Date; project_id: string; ledger_id: string; payment_mode: "cash" | "bank"; bill_url?: string | undefined; request_message?: string | undefined; }>'.
              Type 'TFieldValues' is not assignable to type '{ type: "asset" | "liability"; amount: number; description: string; due_date: Date; project_id: string; ledger_id: string; payment_mode: "cash" | "bank"; bill_url?: string | undefined; request_message?: string | undefined; }'.
                Type 'FieldValues' is missing the following properties from type '{ type: "asset" | "liability"; amount: number; description: string; due_date: Date; project_id: string; ledger_id: string; payment_mode: "cash" | "bank"; bill_url?: string | undefined; request_message?: string | undefined; }': type, amount, description, due_date, and 3 more.
components/record-form.tsx(295,17): error TS2322: Type 'Control<{ type: "asset" | "liability"; amount: number; description: string; due_date: Date; project_id: string; ledger_id: string; payment_mode: "cash" | "bank"; bill_url?: string | undefined; request_message?: string | undefined; }, any, TFieldValues>' is not assignable to type 'Control<{ type: "asset" | "liability"; amount: number; description: string; due_date: Date; project_id: string; ledger_id: string; payment_mode: "cash" | "bank"; bill_url?: string | undefined; request_message?: string | undefined; }, any, { ...; }>'.
  The types of '_options.resolver' are incompatible between these types.
    Type 'Resolver<{ type: "asset" | "liability"; amount: number; description: string; due_date: Date; project_id: string; ledger_id: string; payment_mode: "cash" | "bank"; bill_url?: string | undefined; request_message?: string | undefined; }, any, TFieldValues> | undefined' is not assignable to type 'Resolver<{ type: "asset" | "liability"; amount: number; description: string; due_date: Date; project_id: string; ledger_id: string; payment_mode: "cash" | "bank"; bill_url?: string | undefined; request_message?: string | undefined; }, any, { ...; }> | undefined'.
      Type 'Resolver<{ type: "asset" | "liability"; amount: number; description: string; due_date: Date; project_id: string; ledger_id: string; payment_mode: "cash" | "bank"; bill_url?: string | undefined; request_message?: string | undefined; }, any, TFieldValues>' is not assignable to type 'Resolver<{ type: "asset" | "liability"; amount: number; description: string; due_date: Date; project_id: string; ledger_id: string; payment_mode: "cash" | "bank"; bill_url?: string | undefined; request_message?: string | undefined; }, any, { ...; }>'.
        Type 'ResolverResult<{ type: "asset" | "liability"; amount: number; description: string; due_date: Date; project_id: string; ledger_id: string; payment_mode: "cash" | "bank"; bill_url?: string | undefined; request_message?: string | undefined; }, TFieldValues> | Promise<...>' is not assignable to type 'ResolverResult<{ type: "asset" | "liability"; amount: number; description: string; due_date: Date; project_id: string; ledger_id: string; payment_mode: "cash" | "bank"; bill_url?: string | undefined; request_message?: string | undefined; }, { ...; }> | Promise<...>'.
          Type 'ResolverSuccess<TFieldValues>' is not assignable to type 'ResolverResult<{ type: "asset" | "liability"; amount: number; description: string; due_date: Date; project_id: string; ledger_id: string; payment_mode: "cash" | "bank"; bill_url?: string | undefined; request_message?: string | undefined; }, { ...; }> | Promise<...>'.
            Type 'ResolverSuccess<TFieldValues>' is not assignable to type 'ResolverSuccess<{ type: "asset" | "liability"; amount: number; description: string; due_date: Date; project_id: string; ledger_id: string; payment_mode: "cash" | "bank"; bill_url?: string | undefined; request_message?: string | undefined; }>'.
              Type 'TFieldValues' is not assignable to type '{ type: "asset" | "liability"; amount: number; description: string; due_date: Date; project_id: string; ledger_id: string; payment_mode: "cash" | "bank"; bill_url?: string | undefined; request_message?: string | undefined; }'.
                Type 'FieldValues' is missing the following properties from type '{ type: "asset" | "liability"; amount: number; description: string; due_date: Date; project_id: string; ledger_id: string; payment_mode: "cash" | "bank"; bill_url?: string | undefined; request_message?: string | undefined; }': type, amount, description, due_date, and 3 more.
components/record-form.tsx(341,17): error TS2322: Type 'Control<{ type: "asset" | "liability"; amount: number; description: string; due_date: Date; project_id: string; ledger_id: string; payment_mode: "cash" | "bank"; bill_url?: string | undefined; request_message?: string | undefined; }, any, TFieldValues>' is not assignable to type 'Control<{ type: "asset" | "liability"; amount: number; description: string; due_date: Date; project_id: string; ledger_id: string; payment_mode: "cash" | "bank"; bill_url?: string | undefined; request_message?: string | undefined; }, any, { ...; }>'.
  The types of '_options.resolver' are incompatible between these types.
    Type 'Resolver<{ type: "asset" | "liability"; amount: number; description: string; due_date: Date; project_id: string; ledger_id: string; payment_mode: "cash" | "bank"; bill_url?: string | undefined; request_message?: string | undefined; }, any, TFieldValues> | undefined' is not assignable to type 'Resolver<{ type: "asset" | "liability"; amount: number; description: string; due_date: Date; project_id: string; ledger_id: string; payment_mode: "cash" | "bank"; bill_url?: string | undefined; request_message?: string | undefined; }, any, { ...; }> | undefined'.
      Type 'Resolver<{ type: "asset" | "liability"; amount: number; description: string; due_date: Date; project_id: string; ledger_id: string; payment_mode: "cash" | "bank"; bill_url?: string | undefined; request_message?: string | undefined; }, any, TFieldValues>' is not assignable to type 'Resolver<{ type: "asset" | "liability"; amount: number; description: string; due_date: Date; project_id: string; ledger_id: string; payment_mode: "cash" | "bank"; bill_url?: string | undefined; request_message?: string | undefined; }, any, { ...; }>'.
        Type 'ResolverResult<{ type: "asset" | "liability"; amount: number; description: string; due_date: Date; project_id: string; ledger_id: string; payment_mode: "cash" | "bank"; bill_url?: string | undefined; request_message?: string | undefined; }, TFieldValues> | Promise<...>' is not assignable to type 'ResolverResult<{ type: "asset" | "liability"; amount: number; description: string; due_date: Date; project_id: string; ledger_id: string; payment_mode: "cash" | "bank"; bill_url?: string | undefined; request_message?: string | undefined; }, { ...; }> | Promise<...>'.
          Type 'ResolverSuccess<TFieldValues>' is not assignable to type 'ResolverResult<{ type: "asset" | "liability"; amount: number; description: string; due_date: Date; project_id: string; ledger_id: string; payment_mode: "cash" | "bank"; bill_url?: string | undefined; request_message?: string | undefined; }, { ...; }> | Promise<...>'.
            Type 'ResolverSuccess<TFieldValues>' is not assignable to type 'ResolverSuccess<{ type: "asset" | "liability"; amount: number; description: string; due_date: Date; project_id: string; ledger_id: string; payment_mode: "cash" | "bank"; bill_url?: string | undefined; request_message?: string | undefined; }>'.
              Type 'TFieldValues' is not assignable to type '{ type: "asset" | "liability"; amount: number; description: string; due_date: Date; project_id: string; ledger_id: string; payment_mode: "cash" | "bank"; bill_url?: string | undefined; request_message?: string | undefined; }'.
                Type 'FieldValues' is missing the following properties from type '{ type: "asset" | "liability"; amount: number; description: string; due_date: Date; project_id: string; ledger_id: string; payment_mode: "cash" | "bank"; bill_url?: string | undefined; request_message?: string | undefined; }': type, amount, description, due_date, and 3 more.
components/record-form.tsx(356,19): error TS2322: Type 'Control<{ type: "asset" | "liability"; amount: number; description: string; due_date: Date; project_id: string; ledger_id: string; payment_mode: "cash" | "bank"; bill_url?: string | undefined; request_message?: string | undefined; }, any, TFieldValues>' is not assignable to type 'Control<{ type: "asset" | "liability"; amount: number; description: string; due_date: Date; project_id: string; ledger_id: string; payment_mode: "cash" | "bank"; bill_url?: string | undefined; request_message?: string | undefined; }, any, { ...; }>'.
  The types of '_options.resolver' are incompatible between these types.
    Type 'Resolver<{ type: "asset" | "liability"; amount: number; description: string; due_date: Date; project_id: string; ledger_id: string; payment_mode: "cash" | "bank"; bill_url?: string | undefined; request_message?: string | undefined; }, any, TFieldValues> | undefined' is not assignable to type 'Resolver<{ type: "asset" | "liability"; amount: number; description: string; due_date: Date; project_id: string; ledger_id: string; payment_mode: "cash" | "bank"; bill_url?: string | undefined; request_message?: string | undefined; }, any, { ...; }> | undefined'.
      Type 'Resolver<{ type: "asset" | "liability"; amount: number; description: string; due_date: Date; project_id: string; ledger_id: string; payment_mode: "cash" | "bank"; bill_url?: string | undefined; request_message?: string | undefined; }, any, TFieldValues>' is not assignable to type 'Resolver<{ type: "asset" | "liability"; amount: number; description: string; due_date: Date; project_id: string; ledger_id: string; payment_mode: "cash" | "bank"; bill_url?: string | undefined; request_message?: string | undefined; }, any, { ...; }>'.
        Type 'ResolverResult<{ type: "asset" | "liability"; amount: number; description: string; due_date: Date; project_id: string; ledger_id: string; payment_mode: "cash" | "bank"; bill_url?: string | undefined; request_message?: string | undefined; }, TFieldValues> | Promise<...>' is not assignable to type 'ResolverResult<{ type: "asset" | "liability"; amount: number; description: string; due_date: Date; project_id: string; ledger_id: string; payment_mode: "cash" | "bank"; bill_url?: string | undefined; request_message?: string | undefined; }, { ...; }> | Promise<...>'.
          Type 'ResolverSuccess<TFieldValues>' is not assignable to type 'ResolverResult<{ type: "asset" | "liability"; amount: number; description: string; due_date: Date; project_id: string; ledger_id: string; payment_mode: "cash" | "bank"; bill_url?: string | undefined; request_message?: string | undefined; }, { ...; }> | Promise<...>'.
            Type 'ResolverSuccess<TFieldValues>' is not assignable to type 'ResolverSuccess<{ type: "asset" | "liability"; amount: number; description: string; due_date: Date; project_id: string; ledger_id: string; payment_mode: "cash" | "bank"; bill_url?: string | undefined; request_message?: string | undefined; }>'.
              Type 'TFieldValues' is not assignable to type '{ type: "asset" | "liability"; amount: number; description: string; due_date: Date; project_id: string; ledger_id: string; payment_mode: "cash" | "bank"; bill_url?: string | undefined; request_message?: string | undefined; }'.
                Type 'FieldValues' is missing the following properties from type '{ type: "asset" | "liability"; amount: number; description: string; due_date: Date; project_id: string; ledger_id: string; payment_mode: "cash" | "bank"; bill_url?: string | undefined; request_message?: string | undefined; }': type, amount, description, due_date, and 3 more.
components/theme-provider.tsx(5,41): error TS2307: Cannot find module 'next-themes/dist/types' or its corresponding type declarations.
components/ui/calendar.tsx(57,9): error TS2353: Object literal may only specify known properties, and 'IconLeft' does not exist in type 'Partial<CustomComponents>'.
components/ui/calendar.tsx(57,22): error TS7031: Binding element 'className' implicitly has an 'any' type.
components/ui/calendar.tsx(60,23): error TS7031: Binding element 'className' implicitly has an 'any' type.
components/ui/chart.tsx(119,7): error TS2339: Property 'payload' does not exist on type 'Omit<Omit<Props<ValueType, NameType>, PropertiesReadFromContext> & { active?: boolean | undefined; allowEscapeViewBox?: AllowInDimension | undefined; ... 17 more ...; wrapperStyle?: CSSProperties | undefined; } & ClassAttributes<...> & HTMLAttributes<...> & { ...; }, "ref">'.
components/ui/chart.tsx(124,7): error TS2339: Property 'label' does not exist on type 'Omit<Omit<Props<ValueType, NameType>, PropertiesReadFromContext> & { active?: boolean | undefined; allowEscapeViewBox?: AllowInDimension | undefined; ... 17 more ...; wrapperStyle?: CSSProperties | undefined; } & ClassAttributes<...> & HTMLAttributes<...> & { ...; }, "ref">'.
components/ui/chart.tsx(188,25): error TS7006: Parameter 'item' implicitly has an 'any' type.
components/ui/chart.tsx(188,31): error TS7006: Parameter 'index' implicitly has an 'any' type.
components/ui/chart.tsx(264,41): error TS2344: Type '"payload" | "verticalAlign"' does not satisfy the constraint '"string" | "role" | "filter" | "fill" | "values" | "cursor" | "result" | "id" | "type" | "name" | "from" | "style" | "path" | "media" | "version" | "transform" | "format" | "to" | ... 425 more ... | "onBBoxUpdate"'.
  Type '"payload"' is not assignable to type '"string" | "role" | "filter" | "fill" | "values" | "cursor" | "result" | "id" | "type" | "name" | "from" | "style" | "path" | "media" | "version" | "transform" | "format" | "to" | ... 425 more ... | "onBBoxUpdate"'.
components/ui/chart.tsx(275,19): error TS2339: Property 'length' does not exist on type '{}'.
components/ui/chart.tsx(288,18): error TS2339: Property 'map' does not exist on type '{}'.
components/ui/chart.tsx(288,23): error TS7006: Parameter 'item' implicitly has an 'any' type.
components/ui/menubar.tsx(4,35): error TS2307: Cannot find module '@radix-ui/react-menubar' or its corresponding type declarations.
components/ui/slider.tsx(4,34): error TS2307: Cannot find module '@radix-ui/react-slider' or its corresponding type declarations.
components/user-form.tsx(74,9): error TS2322: Type 'Resolver<{ name: string; email: string; role: "admin" | "user"; password?: string | undefined; newPassword?: string | undefined; confirmPassword?: string | undefined; assignedProjects?: string[] | undefined; isActive?: boolean | undefined; }, any, { ...; }>' is not assignable to type 'Resolver<{ name: string; email: string; role: "admin" | "user"; assignedProjects: string[]; isActive: boolean; password?: string | undefined; newPassword?: string | undefined; confirmPassword?: string | undefined; }, any, { ...; }>'.
  Types of parameters 'options' and 'options' are incompatible.
    Type 'ResolverOptions<{ name: string; email: string; role: "admin" | "user"; assignedProjects: string[]; isActive: boolean; password?: string | undefined; newPassword?: string | undefined; confirmPassword?: string | undefined; }>' is not assignable to type 'ResolverOptions<{ name: string; email: string; role: "admin" | "user"; password?: string | undefined; newPassword?: string | undefined; confirmPassword?: string | undefined; assignedProjects?: string[] | undefined; isActive?: boolean | undefined; }>'.
      Type 'string[] | undefined' is not assignable to type 'string[]'.
        Type 'undefined' is not assignable to type 'string[]'.
components/user-form.tsx(126,47): error TS2345: Argument of type '(values: { name: string; email: string; role: "admin" | "user"; assignedProjects: string[]; isActive: boolean; password?: string | undefined; newPassword?: string | undefined; confirmPassword?: string | undefined; }) => Promise<...>' is not assignable to parameter of type 'SubmitHandler<TFieldValues>'.
  Types of parameters 'values' and 'data' are incompatible.
    Type 'TFieldValues' is not assignable to type '{ name: string; email: string; role: "admin" | "user"; assignedProjects: string[]; isActive: boolean; password?: string | undefined; newPassword?: string | undefined; confirmPassword?: string | undefined; }'.
      Type 'FieldValues' is missing the following properties from type '{ name: string; email: string; role: "admin" | "user"; assignedProjects: string[]; isActive: boolean; password?: string | undefined; newPassword?: string | undefined; confirmPassword?: string | undefined; }': name, email, role, assignedProjects, isActive
components/user-form.tsx(130,29): error TS2322: Type 'Control<{ name: string; email: string; role: "admin" | "user"; assignedProjects: string[]; isActive: boolean; password?: string | undefined; newPassword?: string | undefined; confirmPassword?: string | undefined; }, any, TFieldValues>' is not assignable to type 'Control<{ name: string; email: string; role: "admin" | "user"; assignedProjects: string[]; isActive: boolean; password?: string | undefined; newPassword?: string | undefined; confirmPassword?: string | undefined; }, any, { ...; }>'.
  The types of '_options.resolver' are incompatible between these types.
    Type 'Resolver<{ name: string; email: string; role: "admin" | "user"; assignedProjects: string[]; isActive: boolean; password?: string | undefined; newPassword?: string | undefined; confirmPassword?: string | undefined; }, any, TFieldValues> | undefined' is not assignable to type 'Resolver<{ name: string; email: string; role: "admin" | "user"; assignedProjects: string[]; isActive: boolean; password?: string | undefined; newPassword?: string | undefined; confirmPassword?: string | undefined; }, any, { ...; }> | undefined'.
      Type 'Resolver<{ name: string; email: string; role: "admin" | "user"; assignedProjects: string[]; isActive: boolean; password?: string | undefined; newPassword?: string | undefined; confirmPassword?: string | undefined; }, any, TFieldValues>' is not assignable to type 'Resolver<{ name: string; email: string; role: "admin" | "user"; assignedProjects: string[]; isActive: boolean; password?: string | undefined; newPassword?: string | undefined; confirmPassword?: string | undefined; }, any, { ...; }>'.
        Type 'ResolverResult<{ name: string; email: string; role: "admin" | "user"; assignedProjects: string[]; isActive: boolean; password?: string | undefined; newPassword?: string | undefined; confirmPassword?: string | undefined; }, TFieldValues> | Promise<...>' is not assignable to type 'ResolverResult<{ name: string; email: string; role: "admin" | "user"; assignedProjects: string[]; isActive: boolean; password?: string | undefined; newPassword?: string | undefined; confirmPassword?: string | undefined; }, { ...; }> | Promise<...>'.
          Type 'ResolverSuccess<TFieldValues>' is not assignable to type 'ResolverResult<{ name: string; email: string; role: "admin" | "user"; assignedProjects: string[]; isActive: boolean; password?: string | undefined; newPassword?: string | undefined; confirmPassword?: string | undefined; }, { ...; }> | Promise<...>'.
            Type 'ResolverSuccess<TFieldValues>' is not assignable to type 'ResolverSuccess<{ name: string; email: string; role: "admin" | "user"; assignedProjects: string[]; isActive: boolean; password?: string | undefined; newPassword?: string | undefined; confirmPassword?: string | undefined; }>'.
              Type 'TFieldValues' is not assignable to type '{ name: string; email: string; role: "admin" | "user"; assignedProjects: string[]; isActive: boolean; password?: string | undefined; newPassword?: string | undefined; confirmPassword?: string | undefined; }'.
                Type 'FieldValues' is missing the following properties from type '{ name: string; email: string; role: "admin" | "user"; assignedProjects: string[]; isActive: boolean; password?: string | undefined; newPassword?: string | undefined; confirmPassword?: string | undefined; }': name, email, role, assignedProjects, isActive
components/user-form.tsx(143,29): error TS2322: Type 'Control<{ name: string; email: string; role: "admin" | "user"; assignedProjects: string[]; isActive: boolean; password?: string | undefined; newPassword?: string | undefined; confirmPassword?: string | undefined; }, any, TFieldValues>' is not assignable to type 'Control<{ name: string; email: string; role: "admin" | "user"; assignedProjects: string[]; isActive: boolean; password?: string | undefined; newPassword?: string | undefined; confirmPassword?: string | undefined; }, any, { ...; }>'.
  The types of '_options.resolver' are incompatible between these types.
    Type 'Resolver<{ name: string; email: string; role: "admin" | "user"; assignedProjects: string[]; isActive: boolean; password?: string | undefined; newPassword?: string | undefined; confirmPassword?: string | undefined; }, any, TFieldValues> | undefined' is not assignable to type 'Resolver<{ name: string; email: string; role: "admin" | "user"; assignedProjects: string[]; isActive: boolean; password?: string | undefined; newPassword?: string | undefined; confirmPassword?: string | undefined; }, any, { ...; }> | undefined'.
      Type 'Resolver<{ name: string; email: string; role: "admin" | "user"; assignedProjects: string[]; isActive: boolean; password?: string | undefined; newPassword?: string | undefined; confirmPassword?: string | undefined; }, any, TFieldValues>' is not assignable to type 'Resolver<{ name: string; email: string; role: "admin" | "user"; assignedProjects: string[]; isActive: boolean; password?: string | undefined; newPassword?: string | undefined; confirmPassword?: string | undefined; }, any, { ...; }>'.
        Type 'ResolverResult<{ name: string; email: string; role: "admin" | "user"; assignedProjects: string[]; isActive: boolean; password?: string | undefined; newPassword?: string | undefined; confirmPassword?: string | undefined; }, TFieldValues> | Promise<...>' is not assignable to type 'ResolverResult<{ name: string; email: string; role: "admin" | "user"; assignedProjects: string[]; isActive: boolean; password?: string | undefined; newPassword?: string | undefined; confirmPassword?: string | undefined; }, { ...; }> | Promise<...>'.
          Type 'ResolverSuccess<TFieldValues>' is not assignable to type 'ResolverResult<{ name: string; email: string; role: "admin" | "user"; assignedProjects: string[]; isActive: boolean; password?: string | undefined; newPassword?: string | undefined; confirmPassword?: string | undefined; }, { ...; }> | Promise<...>'.
            Type 'ResolverSuccess<TFieldValues>' is not assignable to type 'ResolverSuccess<{ name: string; email: string; role: "admin" | "user"; assignedProjects: string[]; isActive: boolean; password?: string | undefined; newPassword?: string | undefined; confirmPassword?: string | undefined; }>'.
              Type 'TFieldValues' is not assignable to type '{ name: string; email: string; role: "admin" | "user"; assignedProjects: string[]; isActive: boolean; password?: string | undefined; newPassword?: string | undefined; confirmPassword?: string | undefined; }'.
                Type 'FieldValues' is missing the following properties from type '{ name: string; email: string; role: "admin" | "user"; assignedProjects: string[]; isActive: boolean; password?: string | undefined; newPassword?: string | undefined; confirmPassword?: string | undefined; }': name, email, role, assignedProjects, isActive
components/user-form.tsx(161,37): error TS2322: Type 'Control<{ name: string; email: string; role: "admin" | "user"; assignedProjects: string[]; isActive: boolean; password?: string | undefined; newPassword?: string | undefined; confirmPassword?: string | undefined; }, any, TFieldValues>' is not assignable to type 'Control<{ name: string; email: string; role: "admin" | "user"; assignedProjects: string[]; isActive: boolean; password?: string | undefined; newPassword?: string | undefined; confirmPassword?: string | undefined; }, any, { ...; }>'.
  The types of '_options.resolver' are incompatible between these types.
    Type 'Resolver<{ name: string; email: string; role: "admin" | "user"; assignedProjects: string[]; isActive: boolean; password?: string | undefined; newPassword?: string | undefined; confirmPassword?: string | undefined; }, any, TFieldValues> | undefined' is not assignable to type 'Resolver<{ name: string; email: string; role: "admin" | "user"; assignedProjects: string[]; isActive: boolean; password?: string | undefined; newPassword?: string | undefined; confirmPassword?: string | undefined; }, any, { ...; }> | undefined'.
      Type 'Resolver<{ name: string; email: string; role: "admin" | "user"; assignedProjects: string[]; isActive: boolean; password?: string | undefined; newPassword?: string | undefined; confirmPassword?: string | undefined; }, any, TFieldValues>' is not assignable to type 'Resolver<{ name: string; email: string; role: "admin" | "user"; assignedProjects: string[]; isActive: boolean; password?: string | undefined; newPassword?: string | undefined; confirmPassword?: string | undefined; }, any, { ...; }>'.
        Type 'ResolverResult<{ name: string; email: string; role: "admin" | "user"; assignedProjects: string[]; isActive: boolean; password?: string | undefined; newPassword?: string | undefined; confirmPassword?: string | undefined; }, TFieldValues> | Promise<...>' is not assignable to type 'ResolverResult<{ name: string; email: string; role: "admin" | "user"; assignedProjects: string[]; isActive: boolean; password?: string | undefined; newPassword?: string | undefined; confirmPassword?: string | undefined; }, { ...; }> | Promise<...>'.
          Type 'ResolverSuccess<TFieldValues>' is not assignable to type 'ResolverResult<{ name: string; email: string; role: "admin" | "user"; assignedProjects: string[]; isActive: boolean; password?: string | undefined; newPassword?: string | undefined; confirmPassword?: string | undefined; }, { ...; }> | Promise<...>'.
            Type 'ResolverSuccess<TFieldValues>' is not assignable to type 'ResolverSuccess<{ name: string; email: string; role: "admin" | "user"; assignedProjects: string[]; isActive: boolean; password?: string | undefined; newPassword?: string | undefined; confirmPassword?: string | undefined; }>'.
              Type 'TFieldValues' is not assignable to type '{ name: string; email: string; role: "admin" | "user"; assignedProjects: string[]; isActive: boolean; password?: string | undefined; newPassword?: string | undefined; confirmPassword?: string | undefined; }'.
                Type 'FieldValues' is missing the following properties from type '{ name: string; email: string; role: "admin" | "user"; assignedProjects: string[]; isActive: boolean; password?: string | undefined; newPassword?: string | undefined; confirmPassword?: string | undefined; }': name, email, role, assignedProjects, isActive
components/user-form.tsx(174,37): error TS2322: Type 'Control<{ name: string; email: string; role: "admin" | "user"; assignedProjects: string[]; isActive: boolean; password?: string | undefined; newPassword?: string | undefined; confirmPassword?: string | undefined; }, any, TFieldValues>' is not assignable to type 'Control<{ name: string; email: string; role: "admin" | "user"; assignedProjects: string[]; isActive: boolean; password?: string | undefined; newPassword?: string | undefined; confirmPassword?: string | undefined; }, any, { ...; }>'.
  The types of '_options.resolver' are incompatible between these types.
    Type 'Resolver<{ name: string; email: string; role: "admin" | "user"; assignedProjects: string[]; isActive: boolean; password?: string | undefined; newPassword?: string | undefined; confirmPassword?: string | undefined; }, any, TFieldValues> | undefined' is not assignable to type 'Resolver<{ name: string; email: string; role: "admin" | "user"; assignedProjects: string[]; isActive: boolean; password?: string | undefined; newPassword?: string | undefined; confirmPassword?: string | undefined; }, any, { ...; }> | undefined'.
      Type 'Resolver<{ name: string; email: string; role: "admin" | "user"; assignedProjects: string[]; isActive: boolean; password?: string | undefined; newPassword?: string | undefined; confirmPassword?: string | undefined; }, any, TFieldValues>' is not assignable to type 'Resolver<{ name: string; email: string; role: "admin" | "user"; assignedProjects: string[]; isActive: boolean; password?: string | undefined; newPassword?: string | undefined; confirmPassword?: string | undefined; }, any, { ...; }>'.
        Type 'ResolverResult<{ name: string; email: string; role: "admin" | "user"; assignedProjects: string[]; isActive: boolean; password?: string | undefined; newPassword?: string | undefined; confirmPassword?: string | undefined; }, TFieldValues> | Promise<...>' is not assignable to type 'ResolverResult<{ name: string; email: string; role: "admin" | "user"; assignedProjects: string[]; isActive: boolean; password?: string | undefined; newPassword?: string | undefined; confirmPassword?: string | undefined; }, { ...; }> | Promise<...>'.
          Type 'ResolverSuccess<TFieldValues>' is not assignable to type 'ResolverResult<{ name: string; email: string; role: "admin" | "user"; assignedProjects: string[]; isActive: boolean; password?: string | undefined; newPassword?: string | undefined; confirmPassword?: string | undefined; }, { ...; }> | Promise<...>'.
            Type 'ResolverSuccess<TFieldValues>' is not assignable to type 'ResolverSuccess<{ name: string; email: string; role: "admin" | "user"; assignedProjects: string[]; isActive: boolean; password?: string | undefined; newPassword?: string | undefined; confirmPassword?: string | undefined; }>'.
              Type 'TFieldValues' is not assignable to type '{ name: string; email: string; role: "admin" | "user"; assignedProjects: string[]; isActive: boolean; password?: string | undefined; newPassword?: string | undefined; confirmPassword?: string | undefined; }'.
                Type 'FieldValues' is missing the following properties from type '{ name: string; email: string; role: "admin" | "user"; assignedProjects: string[]; isActive: boolean; password?: string | undefined; newPassword?: string | undefined; confirmPassword?: string | undefined; }': name, email, role, assignedProjects, isActive
components/user-form.tsx(189,33): error TS2322: Type 'Control<{ name: string; email: string; role: "admin" | "user"; assignedProjects: string[]; isActive: boolean; password?: string | undefined; newPassword?: string | undefined; confirmPassword?: string | undefined; }, any, TFieldValues>' is not assignable to type 'Control<{ name: string; email: string; role: "admin" | "user"; assignedProjects: string[]; isActive: boolean; password?: string | undefined; newPassword?: string | undefined; confirmPassword?: string | undefined; }, any, { ...; }>'.
  The types of '_options.resolver' are incompatible between these types.
    Type 'Resolver<{ name: string; email: string; role: "admin" | "user"; assignedProjects: string[]; isActive: boolean; password?: string | undefined; newPassword?: string | undefined; confirmPassword?: string | undefined; }, any, TFieldValues> | undefined' is not assignable to type 'Resolver<{ name: string; email: string; role: "admin" | "user"; assignedProjects: string[]; isActive: boolean; password?: string | undefined; newPassword?: string | undefined; confirmPassword?: string | undefined; }, any, { ...; }> | undefined'.
      Type 'Resolver<{ name: string; email: string; role: "admin" | "user"; assignedProjects: string[]; isActive: boolean; password?: string | undefined; newPassword?: string | undefined; confirmPassword?: string | undefined; }, any, TFieldValues>' is not assignable to type 'Resolver<{ name: string; email: string; role: "admin" | "user"; assignedProjects: string[]; isActive: boolean; password?: string | undefined; newPassword?: string | undefined; confirmPassword?: string | undefined; }, any, { ...; }>'.
        Type 'ResolverResult<{ name: string; email: string; role: "admin" | "user"; assignedProjects: string[]; isActive: boolean; password?: string | undefined; newPassword?: string | undefined; confirmPassword?: string | undefined; }, TFieldValues> | Promise<...>' is not assignable to type 'ResolverResult<{ name: string; email: string; role: "admin" | "user"; assignedProjects: string[]; isActive: boolean; password?: string | undefined; newPassword?: string | undefined; confirmPassword?: string | undefined; }, { ...; }> | Promise<...>'.
          Type 'ResolverSuccess<TFieldValues>' is not assignable to type 'ResolverResult<{ name: string; email: string; role: "admin" | "user"; assignedProjects: string[]; isActive: boolean; password?: string | undefined; newPassword?: string | undefined; confirmPassword?: string | undefined; }, { ...; }> | Promise<...>'.
            Type 'ResolverSuccess<TFieldValues>' is not assignable to type 'ResolverSuccess<{ name: string; email: string; role: "admin" | "user"; assignedProjects: string[]; isActive: boolean; password?: string | undefined; newPassword?: string | undefined; confirmPassword?: string | undefined; }>'.
              Type 'TFieldValues' is not assignable to type '{ name: string; email: string; role: "admin" | "user"; assignedProjects: string[]; isActive: boolean; password?: string | undefined; newPassword?: string | undefined; confirmPassword?: string | undefined; }'.
                Type 'FieldValues' is missing the following properties from type '{ name: string; email: string; role: "admin" | "user"; assignedProjects: string[]; isActive: boolean; password?: string | undefined; newPassword?: string | undefined; confirmPassword?: string | undefined; }': name, email, role, assignedProjects, isActive
components/user-form.tsx(207,29): error TS2322: Type 'Control<{ name: string; email: string; role: "admin" | "user"; assignedProjects: string[]; isActive: boolean; password?: string | undefined; newPassword?: string | undefined; confirmPassword?: string | undefined; }, any, TFieldValues>' is not assignable to type 'Control<{ name: string; email: string; role: "admin" | "user"; assignedProjects: string[]; isActive: boolean; password?: string | undefined; newPassword?: string | undefined; confirmPassword?: string | undefined; }, any, { ...; }>'.
  The types of '_options.resolver' are incompatible between these types.
    Type 'Resolver<{ name: string; email: string; role: "admin" | "user"; assignedProjects: string[]; isActive: boolean; password?: string | undefined; newPassword?: string | undefined; confirmPassword?: string | undefined; }, any, TFieldValues> | undefined' is not assignable to type 'Resolver<{ name: string; email: string; role: "admin" | "user"; assignedProjects: string[]; isActive: boolean; password?: string | undefined; newPassword?: string | undefined; confirmPassword?: string | undefined; }, any, { ...; }> | undefined'.
      Type 'Resolver<{ name: string; email: string; role: "admin" | "user"; assignedProjects: string[]; isActive: boolean; password?: string | undefined; newPassword?: string | undefined; confirmPassword?: string | undefined; }, any, TFieldValues>' is not assignable to type 'Resolver<{ name: string; email: string; role: "admin" | "user"; assignedProjects: string[]; isActive: boolean; password?: string | undefined; newPassword?: string | undefined; confirmPassword?: string | undefined; }, any, { ...; }>'.
        Type 'ResolverResult<{ name: string; email: string; role: "admin" | "user"; assignedProjects: string[]; isActive: boolean; password?: string | undefined; newPassword?: string | undefined; confirmPassword?: string | undefined; }, TFieldValues> | Promise<...>' is not assignable to type 'ResolverResult<{ name: string; email: string; role: "admin" | "user"; assignedProjects: string[]; isActive: boolean; password?: string | undefined; newPassword?: string | undefined; confirmPassword?: string | undefined; }, { ...; }> | Promise<...>'.
          Type 'ResolverSuccess<TFieldValues>' is not assignable to type 'ResolverResult<{ name: string; email: string; role: "admin" | "user"; assignedProjects: string[]; isActive: boolean; password?: string | undefined; newPassword?: string | undefined; confirmPassword?: string | undefined; }, { ...; }> | Promise<...>'.
            Type 'ResolverSuccess<TFieldValues>' is not assignable to type 'ResolverSuccess<{ name: string; email: string; role: "admin" | "user"; assignedProjects: string[]; isActive: boolean; password?: string | undefined; newPassword?: string | undefined; confirmPassword?: string | undefined; }>'.
              Type 'TFieldValues' is not assignable to type '{ name: string; email: string; role: "admin" | "user"; assignedProjects: string[]; isActive: boolean; password?: string | undefined; newPassword?: string | undefined; confirmPassword?: string | undefined; }'.
                Type 'FieldValues' is missing the following properties from type '{ name: string; email: string; role: "admin" | "user"; assignedProjects: string[]; isActive: boolean; password?: string | undefined; newPassword?: string | undefined; confirmPassword?: string | undefined; }': name, email, role, assignedProjects, isActive
components/user-form.tsx(237,33): error TS2322: Type 'Control<{ name: string; email: string; role: "admin" | "user"; assignedProjects: string[]; isActive: boolean; password?: string | undefined; newPassword?: string | undefined; confirmPassword?: string | undefined; }, any, TFieldValues>' is not assignable to type 'Control<{ name: string; email: string; role: "admin" | "user"; assignedProjects: string[]; isActive: boolean; password?: string | undefined; newPassword?: string | undefined; confirmPassword?: string | undefined; }, any, { ...; }>'.
  The types of '_options.resolver' are incompatible between these types.
    Type 'Resolver<{ name: string; email: string; role: "admin" | "user"; assignedProjects: string[]; isActive: boolean; password?: string | undefined; newPassword?: string | undefined; confirmPassword?: string | undefined; }, any, TFieldValues> | undefined' is not assignable to type 'Resolver<{ name: string; email: string; role: "admin" | "user"; assignedProjects: string[]; isActive: boolean; password?: string | undefined; newPassword?: string | undefined; confirmPassword?: string | undefined; }, any, { ...; }> | undefined'.
      Type 'Resolver<{ name: string; email: string; role: "admin" | "user"; assignedProjects: string[]; isActive: boolean; password?: string | undefined; newPassword?: string | undefined; confirmPassword?: string | undefined; }, any, TFieldValues>' is not assignable to type 'Resolver<{ name: string; email: string; role: "admin" | "user"; assignedProjects: string[]; isActive: boolean; password?: string | undefined; newPassword?: string | undefined; confirmPassword?: string | undefined; }, any, { ...; }>'.
        Type 'ResolverResult<{ name: string; email: string; role: "admin" | "user"; assignedProjects: string[]; isActive: boolean; password?: string | undefined; newPassword?: string | undefined; confirmPassword?: string | undefined; }, TFieldValues> | Promise<...>' is not assignable to type 'ResolverResult<{ name: string; email: string; role: "admin" | "user"; assignedProjects: string[]; isActive: boolean; password?: string | undefined; newPassword?: string | undefined; confirmPassword?: string | undefined; }, { ...; }> | Promise<...>'.
          Type 'ResolverSuccess<TFieldValues>' is not assignable to type 'ResolverResult<{ name: string; email: string; role: "admin" | "user"; assignedProjects: string[]; isActive: boolean; password?: string | undefined; newPassword?: string | undefined; confirmPassword?: string | undefined; }, { ...; }> | Promise<...>'.
            Type 'ResolverSuccess<TFieldValues>' is not assignable to type 'ResolverSuccess<{ name: string; email: string; role: "admin" | "user"; assignedProjects: string[]; isActive: boolean; password?: string | undefined; newPassword?: string | undefined; confirmPassword?: string | undefined; }>'.
              Type 'TFieldValues' is not assignable to type '{ name: string; email: string; role: "admin" | "user"; assignedProjects: string[]; isActive: boolean; password?: string | undefined; newPassword?: string | undefined; confirmPassword?: string | undefined; }'.
                Type 'FieldValues' is missing the following properties from type '{ name: string; email: string; role: "admin" | "user"; assignedProjects: string[]; isActive: boolean; password?: string | undefined; newPassword?: string | undefined; confirmPassword?: string | undefined; }': name, email, role, assignedProjects, isActive
components/user-form.tsx(261,37): error TS2322: Type 'Control<{ name: string; email: string; role: "admin" | "user"; assignedProjects: string[]; isActive: boolean; password?: string | undefined; newPassword?: string | undefined; confirmPassword?: string | undefined; }, any, TFieldValues>' is not assignable to type 'Control<{ name: string; email: string; role: "admin" | "user"; assignedProjects: string[]; isActive: boolean; password?: string | undefined; newPassword?: string | undefined; confirmPassword?: string | undefined; }, any, { ...; }>'.
  The types of '_options.resolver' are incompatible between these types.
    Type 'Resolver<{ name: string; email: string; role: "admin" | "user"; assignedProjects: string[]; isActive: boolean; password?: string | undefined; newPassword?: string | undefined; confirmPassword?: string | undefined; }, any, TFieldValues> | undefined' is not assignable to type 'Resolver<{ name: string; email: string; role: "admin" | "user"; assignedProjects: string[]; isActive: boolean; password?: string | undefined; newPassword?: string | undefined; confirmPassword?: string | undefined; }, any, { ...; }> | undefined'.
      Type 'Resolver<{ name: string; email: string; role: "admin" | "user"; assignedProjects: string[]; isActive: boolean; password?: string | undefined; newPassword?: string | undefined; confirmPassword?: string | undefined; }, any, TFieldValues>' is not assignable to type 'Resolver<{ name: string; email: string; role: "admin" | "user"; assignedProjects: string[]; isActive: boolean; password?: string | undefined; newPassword?: string | undefined; confirmPassword?: string | undefined; }, any, { ...; }>'.
        Type 'ResolverResult<{ name: string; email: string; role: "admin" | "user"; assignedProjects: string[]; isActive: boolean; password?: string | undefined; newPassword?: string | undefined; confirmPassword?: string | undefined; }, TFieldValues> | Promise<...>' is not assignable to type 'ResolverResult<{ name: string; email: string; role: "admin" | "user"; assignedProjects: string[]; isActive: boolean; password?: string | undefined; newPassword?: string | undefined; confirmPassword?: string | undefined; }, { ...; }> | Promise<...>'.
          Type 'ResolverSuccess<TFieldValues>' is not assignable to type 'ResolverResult<{ name: string; email: string; role: "admin" | "user"; assignedProjects: string[]; isActive: boolean; password?: string | undefined; newPassword?: string | undefined; confirmPassword?: string | undefined; }, { ...; }> | Promise<...>'.
            Type 'ResolverSuccess<TFieldValues>' is not assignable to type 'ResolverSuccess<{ name: string; email: string; role: "admin" | "user"; assignedProjects: string[]; isActive: boolean; password?: string | undefined; newPassword?: string | undefined; confirmPassword?: string | undefined; }>'.
              Type 'TFieldValues' is not assignable to type '{ name: string; email: string; role: "admin" | "user"; assignedProjects: string[]; isActive: boolean; password?: string | undefined; newPassword?: string | undefined; confirmPassword?: string | undefined; }'.
                Type 'FieldValues' is missing the following properties from type '{ name: string; email: string; role: "admin" | "user"; assignedProjects: string[]; isActive: boolean; password?: string | undefined; newPassword?: string | undefined; confirmPassword?: string | undefined; }': name, email, role, assignedProjects, isActive
lib/organization.ts(4,32): error TS2307: Cannot find module './auth' or its corresponding type declarations.
playwright.config.ts(1,39): error TS2307: Cannot find module '@playwright/test' or its corresponding type declarations.
tests/e2e/auth.spec.ts(1,30): error TS2307: Cannot find module '@playwright/test' or its corresponding type declarations.
tests/e2e/auth.spec.ts(4,68): error TS7031: Binding element 'page' implicitly has an 'any' type.
tests/e2e/auth.spec.ts(23,63): error TS7031: Binding element 'page' implicitly has an 'any' type.
